Component: ARM Compiler 5.06 update 6 (build 750) Tool: armlink [4d35ed]

==============================================================================

Section Cross References

    startup_stm32f103xb.o(RESET) refers to startup_stm32f103xb.o(STACK) for __initial_sp
    startup_stm32f103xb.o(RESET) refers to startup_stm32f103xb.o(.text) for Reset_Handler
    startup_stm32f103xb.o(RESET) refers to stm32f1xx_it.o(i.NMI_Handler) for NMI_Handler
    startup_stm32f103xb.o(RESET) refers to stm32f1xx_it.o(i.HardFault_Handler) for HardFault_Handler
    startup_stm32f103xb.o(RESET) refers to stm32f1xx_it.o(i.MemManage_Handler) for MemManage_Handler
    startup_stm32f103xb.o(RESET) refers to stm32f1xx_it.o(i.BusFault_Handler) for BusFault_Handler
    startup_stm32f103xb.o(RESET) refers to stm32f1xx_it.o(i.UsageFault_Handler) for UsageFault_Handler
    startup_stm32f103xb.o(RESET) refers to stm32f1xx_it.o(i.SVC_Handler) for SVC_Handler
    startup_stm32f103xb.o(RESET) refers to stm32f1xx_it.o(i.DebugMon_Handler) for DebugMon_Handler
    startup_stm32f103xb.o(RESET) refers to stm32f1xx_it.o(i.PendSV_Handler) for PendSV_Handler
    startup_stm32f103xb.o(RESET) refers to stm32f1xx_it.o(i.SysTick_Handler) for SysTick_Handler
    startup_stm32f103xb.o(RESET) refers to stm32f1xx_it.o(i.TIM4_IRQHandler) for TIM4_IRQHandler
    startup_stm32f103xb.o(RESET) refers to stm32f1xx_it.o(i.USART1_IRQHandler) for USART1_IRQHandler
    startup_stm32f103xb.o(RESET) refers to stm32f1xx_it.o(i.USART2_IRQHandler) for USART2_IRQHandler
    startup_stm32f103xb.o(RESET) refers to stm32f1xx_it.o(i.EXTI15_10_IRQHandler) for EXTI15_10_IRQHandler
    startup_stm32f103xb.o(.text) refers to system_stm32f1xx.o(i.SystemInit) for SystemInit
    startup_stm32f103xb.o(.text) refers to entry.o(.ARM.Collect$$$$00000000) for __main
    main.o(i.Display_Init) refers to driver_oled.o(i.OLED_Clear) for OLED_Clear
    main.o(i.Display_Init) refers to driver_oled.o(i.OLED_ShowChinese) for OLED_ShowChinese
    main.o(i.Display_Init) refers to driver_oled.o(i.OLED_PrintString) for OLED_PrintString
    main.o(i.HAL_TIM_PeriodElapsedCallback) refers to stm32f1xx_hal.o(i.HAL_IncTick) for HAL_IncTick
    main.o(i.Refresh_Data) refers to printfa.o(i.__0sprintf) for __2sprintf
    main.o(i.Refresh_Data) refers to driver_oled.o(i.OLED_PrintString) for OLED_PrintString
    main.o(i.Refresh_Data) refers to driver_oled.o(i.OLED_ShowChinese) for OLED_ShowChinese
    main.o(i.Refresh_Data) refers to main.o(.data) for .data
    main.o(i.Refresh_Data) refers to driver_led.o(.data) for led_info
    main.o(i.SystemClock_Config) refers to memseta.o(.text) for __aeabi_memclr4
    main.o(i.SystemClock_Config) refers to stm32f1xx_hal_rcc.o(i.HAL_RCC_OscConfig) for HAL_RCC_OscConfig
    main.o(i.SystemClock_Config) refers to stm32f1xx_hal_rcc.o(i.HAL_RCC_ClockConfig) for HAL_RCC_ClockConfig
    main.o(i.main) refers to stm32f1xx_hal.o(i.HAL_Init) for HAL_Init
    main.o(i.main) refers to main.o(i.SystemClock_Config) for SystemClock_Config
    main.o(i.main) refers to gpio.o(i.MX_GPIO_Init) for MX_GPIO_Init
    main.o(i.main) refers to i2c.o(i.MX_I2C1_Init) for MX_I2C1_Init
    main.o(i.main) refers to usart.o(i.MX_USART1_UART_Init) for MX_USART1_UART_Init
    main.o(i.main) refers to usart.o(i.MX_USART2_UART_Init) for MX_USART2_UART_Init
    main.o(i.main) refers to driver_oled.o(i.OLED_Init) for OLED_Init
    main.o(i.main) refers to esp8266.o(i.ESP8266_Init) for ESP8266_Init
    main.o(i.main) refers to driver_led.o(i.Led_Control) for Led_Control
    main.o(i.main) refers to printfa.o(i.__0printf) for __2printf
    main.o(i.main) refers to driver_oled.o(i.OLED_Clear) for OLED_Clear
    main.o(i.main) refers to driver_oled.o(i.OLED_PrintString) for OLED_PrintString
    main.o(i.main) refers to driver_timer.o(i.mdelay) for mdelay
    main.o(i.main) refers to esp8266.o(i.ESP8266_SendCmd) for ESP8266_SendCmd
    main.o(i.main) refers to onenet.o(i.OneNet_DevLink) for OneNet_DevLink
    main.o(i.main) refers to onenet.o(i.OneNET_Subscribe) for OneNET_Subscribe
    main.o(i.main) refers to main.o(i.Display_Init) for Display_Init
    main.o(i.main) refers to driver_dht11.o(i.DHT11_Read) for DHT11_Read
    main.o(i.main) refers to onenet.o(i.OneNet_SendData) for OneNet_SendData
    main.o(i.main) refers to esp8266.o(i.ESP8266_Clear) for ESP8266_Clear
    main.o(i.main) refers to esp8266.o(i.ESP8266_GetIPD) for ESP8266_GetIPD
    main.o(i.main) refers to onenet.o(i.OneNet_RevPro) for OneNet_RevPro
    main.o(i.main) refers to main.o(i.Refresh_Data) for Refresh_Data
    main.o(i.main) refers to main.o(.data) for .data
    gpio.o(i.MX_GPIO_Init) refers to stm32f1xx_hal_gpio.o(i.HAL_GPIO_WritePin) for HAL_GPIO_WritePin
    gpio.o(i.MX_GPIO_Init) refers to stm32f1xx_hal_gpio.o(i.HAL_GPIO_Init) for HAL_GPIO_Init
    gpio.o(i.MX_GPIO_Init) refers to stm32f1xx_hal_cortex.o(i.HAL_NVIC_SetPriority) for HAL_NVIC_SetPriority
[...]
    DHT11_WaitFor_Val                        0x08000bf7   Thumb Code    36  driver_dht11.o(i.DHT11_WaitFor_Val)
    i.DebugMon_Handler                       0x08000c1a   Section        0  stm32f1xx_it.o(i.DebugMon_Handler)
    i.Display_Init                           0x08000c1c   Section        0  main.o(i.Display_Init)
    i.ESP8266_Clear                          0x08000c98   Section        0  esp8266.o(i.ESP8266_Clear)
    i.ESP8266_GetIPD                         0x08000cb4   Section        0  esp8266.o(i.ESP8266_GetIPD)
    i.ESP8266_Init                           0x08000cf4   Section        0  esp8266.o(i.ESP8266_Init)
    i.ESP8266_SendCmd                        0x08000e88   Section        0  esp8266.o(i.ESP8266_SendCmd)
    i.ESP8266_SendData                       0x08000ed0   Section        0  esp8266.o(i.ESP8266_SendData)
    i.ESP8266_WaitRecive                     0x08000f18   Section        0  esp8266.o(i.ESP8266_WaitRecive)
    i.EXTI15_10_IRQHandler                   0x08000f38   Section        0  stm32f1xx_it.o(i.EXTI15_10_IRQHandler)
    i.Error_Handler                          0x08000f74   Section        0  main.o(i.Error_Handler)
    i.HAL_DMA_Abort                          0x08000f78   Section        0  stm32f1xx_hal_dma.o(i.HAL_DMA_Abort)
    i.HAL_DMA_Abort_IT                       0x08000fc0   Section        0  stm32f1xx_hal_dma.o(i.HAL_DMA_Abort_IT)
    i.HAL_GPIO_EXTI_Callback                 0x08001058   Section        0  stm32f1xx_hal_gpio.o(i.HAL_GPIO_EXTI_Callback)
    i.HAL_GPIO_EXTI_IRQHandler               0x0800105c   Section        0  stm32f1xx_hal_gpio.o(i.HAL_GPIO_EXTI_IRQHandler)
    i.HAL_GPIO_Init                          0x08001074   Section        0  stm32f1xx_hal_gpio.o(i.HAL_GPIO_Init)
    i.HAL_GPIO_ReadPin                       0x08001254   Section        0  stm32f1xx_hal_gpio.o(i.HAL_GPIO_ReadPin)
    i.HAL_GPIO_WritePin                      0x0800125e   Section        0  stm32f1xx_hal_gpio.o(i.HAL_GPIO_WritePin)
    i.HAL_GetTick                            0x08001268   Section        0  stm32f1xx_hal.o(i.HAL_GetTick)
    i.HAL_I2C_Init                           0x08001274   Section        0  stm32f1xx_hal_i2c.o(i.HAL_I2C_Init)
    i.HAL_I2C_Master_Transmit                0x080013fc   Section        0  stm32f1xx_hal_i2c.o(i.HAL_I2C_Master_Transmit)
    i.HAL_I2C_Mem_Write                      0x08001528   Section        0  stm32f1xx_hal_i2c.o(i.HAL_I2C_Mem_Write)
    i.HAL_I2C_MspInit                        0x08001658   Section        0  i2c.o(i.HAL_I2C_MspInit)
    i.HAL_IncTick                            0x080016b4   Section        0  stm32f1xx_hal.o(i.HAL_IncTick)
    i.HAL_Init                               0x080016c4   Section        0  stm32f1xx_hal.o(i.HAL_Init)
    i.HAL_InitTick                           0x080016e8   Section        0  stm32f1xx_hal_timebase_tim.o(i.HAL_InitTick)
    i.HAL_MspInit                            0x08001780   Section        0  stm32f1xx_hal_msp.o(i.HAL_MspInit)
    i.HAL_NVIC_EnableIRQ                     0x080017bc   Section        0  stm32f1xx_hal_cortex.o(i.HAL_NVIC_EnableIRQ)
    i.HAL_NVIC_SetPriority                   0x080017d8   Section        0  stm32f1xx_hal_cortex.o(i.HAL_NVIC_SetPriority)
    i.HAL_NVIC_SetPriorityGrouping           0x08001818   Section        0  stm32f1xx_hal_cortex.o(i.HAL_NVIC_SetPriorityGrouping)
    i.HAL_RCC_ClockConfig                    0x0800183c   Section        0  stm32f1xx_hal_rcc.o(i.HAL_RCC_ClockConfig)
    i.HAL_RCC_GetClockConfig                 0x08001968   Section        0  stm32f1xx_hal_rcc.o(i.HAL_RCC_GetClockConfig)
    i.HAL_RCC_GetPCLK1Freq                   0x080019a8   Section        0  stm32f1xx_hal_rcc.o(i.HAL_RCC_GetPCLK1Freq)
    i.HAL_RCC_GetPCLK2Freq                   0x080019c8   Section        0  stm32f1xx_hal_rcc.o(i.HAL_RCC_GetPCLK2Freq)
    i.HAL_RCC_GetSysClockFreq                0x080019e8   Section        0  stm32f1xx_hal_rcc.o(i.HAL_RCC_GetSysClockFreq)
    i.HAL_RCC_OscConfig                      0x08001a34   Section        0  stm32f1xx_hal_rcc.o(i.HAL_RCC_OscConfig)
    i.HAL_TIMEx_BreakCallback                0x08001d54   Section        0  stm32f1xx_hal_tim_ex.o(i.HAL_TIMEx_BreakCallback)
    i.HAL_TIMEx_CommutCallback               0x08001d56   Section        0  stm32f1xx_hal_tim_ex.o(i.HAL_TIMEx_CommutCallback)
    i.HAL_TIM_Base_Init                      0x08001d58   Section        0  stm32f1xx_hal_tim.o(i.HAL_TIM_Base_Init)
    i.HAL_TIM_Base_MspInit                   0x08001db2   Section        0  stm32f1xx_hal_tim.o(i.HAL_TIM_Base_MspInit)
    i.HAL_TIM_Base_Start_IT                  0x08001db4   Section        0  stm32f1xx_hal_tim.o(i.HAL_TIM_Base_Start_IT)
    i.HAL_TIM_IC_CaptureCallback             0x08001e0c   Section        0  stm32f1xx_hal_tim.o(i.HAL_TIM_IC_CaptureCallback)
    i.HAL_TIM_IRQHandler                     0x08001e0e   Section        0  stm32f1xx_hal_tim.o(i.HAL_TIM_IRQHandler)
    i.HAL_TIM_OC_DelayElapsedCallback        0x08001f74   Section        0  stm32f1xx_hal_tim.o(i.HAL_TIM_OC_DelayElapsedCallback)
    i.HAL_TIM_PWM_PulseFinishedCallback      0x08001f76   Section        0  stm32f1xx_hal_tim.o(i.HAL_TIM_PWM_PulseFinishedCallback)
    i.HAL_TIM_PeriodElapsedCallback          0x08001f78   Section        0  main.o(i.HAL_TIM_PeriodElapsedCallback)
    i.HAL_TIM_TriggerCallback                0x08001f8c   Section        0  stm32f1xx_hal_tim.o(i.HAL_TIM_TriggerCallback)
    i.HAL_UARTEx_RxEventCallback             0x08001f8e   Section        0  stm32f1xx_hal_uart.o(i.HAL_UARTEx_RxEventCallback)
    i.HAL_UART_ErrorCallback                 0x08001f90   Section        0  stm32f1xx_hal_uart.o(i.HAL_UART_ErrorCallback)
    i.HAL_UART_IRQHandler                    0x08001f94   Section        0  stm32f1xx_hal_uart.o(i.HAL_UART_IRQHandler)
    i.HAL_UART_Init                          0x08002200   Section        0  stm32f1xx_hal_uart.o(i.HAL_UART_Init)
    i.HAL_UART_MspInit                       0x08002264   Section        0  usart.o(i.HAL_UART_MspInit)
    i.HAL_UART_Receive_IT                    0x0800233c   Section        0  stm32f1xx_hal_uart.o(i.HAL_UART_Receive_IT)
    i.HAL_UART_RxCpltCallback                0x08002358   Section        0  esp8266.o(i.HAL_UART_RxCpltCallback)
    i.HAL_UART_Transmit                      0x08002398   Section        0  stm32f1xx_hal_uart.o(i.HAL_UART_Transmit)
    i.HAL_UART_TxCpltCallback                0x08002432   Section        0  stm32f1xx_hal_uart.o(i.HAL_UART_TxCpltCallback)
    i.HardFault_Handler                      0x08002434   Section        0  stm32f1xx_it.o(i.HardFault_Handler)
    i.I2C_IsAcknowledgeFailed                0x08002436   Section        0  stm32f1xx_hal_i2c.o(i.I2C_IsAcknowledgeFailed)
    I2C_IsAcknowledgeFailed                  0x08002437   Thumb Code    46  stm32f1xx_hal_i2c.o(i.I2C_IsAcknowledgeFailed)
    i.I2C_MasterRequestWrite                 0x08002464   Section        0  stm32f1xx_hal_i2c.o(i.I2C_MasterRequestWrite)
    I2C_MasterRequestWrite                   0x08002465   Thumb Code   150  stm32f1xx_hal_i2c.o(i.I2C_MasterRequestWrite)
    i.I2C_RequestMemoryWrite                 0x08002500   Section        0  stm32f1xx_hal_i2c.o(i.I2C_RequestMemoryWrite)
    I2C_RequestMemoryWrite                   0x08002501   Thumb Code   162  stm32f1xx_hal_i2c.o(i.I2C_RequestMemoryWrite)
    i.I2C_WaitOnBTFFlagUntilTimeout          0x080025a8   Section        0  stm32f1xx_hal_i2c.o(i.I2C_WaitOnBTFFlagUntilTimeout)
    I2C_WaitOnBTFFlagUntilTimeout            0x080025a9   Thumb Code    86  stm32f1xx_hal_i2c.o(i.I2C_WaitOnBTFFlagUntilTimeout)
    i.I2C_WaitOnFlagUntilTimeout             0x08002600   Section        0  stm32f1xx_hal_i2c.o(i.I2C_WaitOnFlagUntilTimeout)
    I2C_WaitOnFlagUntilTimeout               0x08002601   Thumb Code   144  stm32f1xx_hal_i2c.o(i.I2C_WaitOnFlagUntilTimeout)
    i.I2C_WaitOnMasterAddressFlagUntilTimeout 0x08002690   Section        0  stm32f1xx_hal_i2c.o(i.I2C_WaitOnMasterAddressFlagUntilTimeout)
    I2C_WaitOnMasterAddressFlagUntilTimeout  0x08002691   Thumb Code   188  stm32f1xx_hal_i2c.o(i.I2C_WaitOnMasterAddressFlagUntilTimeout)
    i.I2C_WaitOnTXEFlagUntilTimeout          0x0800274c   Section        0  stm32f1xx_hal_i2c.o(i.I2C_WaitOnTXEFlagUntilTimeout)
    I2C_WaitOnTXEFlagUntilTimeout            0x0800274d   Thumb Code    86  stm32f1xx_hal_i2c.o(i.I2C_WaitOnTXEFlagUntilTimeout)
    i.Led_Control                            0x080027a4   Section        0  driver_led.o(i.Led_Control)
    i.MQTT_DeleteBuffer                      0x080027d4   Section        0  mqttkit.o(i.MQTT_DeleteBuffer)
    i.MQTT_DumpLength                        0x080027f0   Section        0  mqttkit.o(i.MQTT_DumpLength)
    i.MQTT_NewBuffer                         0x08002816   Section        0  mqttkit.o(i.MQTT_NewBuffer)
    i.MQTT_PacketConnect                     0x08002868   Section        0  mqttkit.o(i.MQTT_PacketConnect)
    i.MQTT_PacketPublish                     0x08002acc   Section        0  mqttkit.o(i.MQTT_PacketPublish)
    i.MQTT_PacketSaveData                    0x08002c28   Section        0  mqttkit.o(i.MQTT_PacketSaveData)
    i.MQTT_PacketSubscribe                   0x08002c80   Section        0  mqttkit.o(i.MQTT_PacketSubscribe)
    i.MQTT_ReadLength                        0x08002d5a   Section        0  mqttkit.o(i.MQTT_ReadLength)
    i.MQTT_UnPacketConnectAck                0x08002d98   Section        0  mqttkit.o(i.MQTT_UnPacketConnectAck)
    i.MQTT_UnPacketPublish                   0x08002db4   Section        0  mqttkit.o(i.MQTT_UnPacketPublish)
    i.MQTT_UnPacketPublishAck                0x08002f04   Section        0  mqttkit.o(i.MQTT_UnPacketPublishAck)
    i.MQTT_UnPacketRecv                      0x08002f1c   Section        0  mqttkit.o(i.MQTT_UnPacketRecv)
    i.MQTT_UnPacketSubscribe                 0x08002f7c   Section        0  mqttkit.o(i.MQTT_UnPacketSubscribe)
    i.MX_GPIO_Init                           0x08002fa8   Section        0  gpio.o(i.MX_GPIO_Init)
    i.MX_I2C1_Init                           0x08003074   Section        0  i2c.o(i.MX_I2C1_Init)
    i.MX_USART1_UART_Init                    0x080030b4   Section        0  usart.o(i.MX_USART1_UART_Init)
    i.MX_USART2_UART_Init                    0x080030f8   Section        0  usart.o(i.MX_USART2_UART_Init)
    i.MemManage_Handler                      0x0800313c   Section        0  stm32f1xx_it.o(i.MemManage_Handler)
    i.NMI_Handler                            0x0800313e   Section        0  stm32f1xx_it.o(i.NMI_Handler)
    i.OLED_Clear                             0x08003140   Section        0  driver_oled.o(i.OLED_Clear)
    i.OLED_Init                              0x0800316c   Section        0  driver_oled.o(i.OLED_Init)
    i.OLED_PrintString                       0x08003200   Section        0  driver_oled.o(i.OLED_PrintString)
    i.OLED_PutChar                           0x08003234   Section        0  driver_oled.o(i.OLED_PutChar)
    i.OLED_SetComConfig                      0x0800327c   Section        0  driver_oled.o(i.OLED_SetComConfig)
    OLED_SetComConfig                        0x0800327d   Thumb Code    44  driver_oled.o(i.OLED_SetComConfig)
    i.OLED_SetPosition                       0x080032a8   Section        0  driver_oled.o(i.OLED_SetPosition)
    i.OLED_ShowChinese                       0x080032e8   Section        0  driver_oled.o(i.OLED_ShowChinese)
    i.OLED_WriteCmd                          0x08003324   Section        0  driver_oled.o(i.OLED_WriteCmd)
    OLED_WriteCmd                            0x08003325   Thumb Code    34  driver_oled.o(i.OLED_WriteCmd)
    i.OLED_WriteNBytes                       0x0800334c   Section        0  driver_oled.o(i.OLED_WriteNBytes)
    OLED_WriteNBytes                         0x0800334d   Thumb Code    26  driver_oled.o(i.OLED_WriteNBytes)
    i.OTA_UrlEncode                          0x0800336c   Section        0  onenet.o(i.OTA_UrlEncode)
    OTA_UrlEncode                            0x0800336d   Thumb Code   176  onenet.o(i.OTA_UrlEncode)
    i.OneNET_Authorization                   0x0800343c   Section        0  onenet.o(i.OneNET_Authorization)
    OneNET_Authorization                     0x0800343d   Thumb Code   278  onenet.o(i.OneNET_Authorization)
    i.OneNET_Subscribe                       0x080035d4   Section        0  onenet.o(i.OneNET_Subscribe)
    i.OneNet_DevLink                         0x08003674   Section        0  onenet.o(i.OneNet_DevLink)
    i.OneNet_FillBuf                         0x080038b8   Section        0  onenet.o(i.OneNet_FillBuf)
    i.OneNet_RevPro                          0x080039bc   Section        0  onenet.o(i.OneNet_RevPro)
    i.OneNet_SendData                        0x08003b38   Section        0  onenet.o(i.OneNet_SendData)
    i.PendSV_Handler                         0x08003bf0   Section        0  stm32f1xx_it.o(i.PendSV_Handler)
    i.Refresh_Data                           0x08003bf4   Section        0  main.o(i.Refresh_Data)
    i.SVC_Handler                            0x08003c44   Section        0  stm32f1xx_it.o(i.SVC_Handler)
    i.SysTick_Handler                        0x08003c46   Section        0  stm32f1xx_it.o(i.SysTick_Handler)
    i.SystemClock_Config                     0x08003c48   Section        0  main.o(i.SystemClock_Config)
    i.SystemInit                             0x08003ca6   Section        0  system_stm32f1xx.o(i.SystemInit)
    i.TIM4_IRQHandler                        0x08003ca8   Section        0  stm32f1xx_it.o(i.TIM4_IRQHandler)
    i.TIM_Base_SetConfig                     0x08003cb4   Section        0  stm32f1xx_hal_tim.o(i.TIM_Base_SetConfig)
    i.UART_DMAAbortOnError                   0x08003d20   Section        0  stm32f1xx_hal_uart.o(i.UART_DMAAbortOnError)
    UART_DMAAbortOnError                     0x08003d21   Thumb Code    16  stm32f1xx_hal_uart.o(i.UART_DMAAbortOnError)
    i.UART_EndRxTransfer                     0x08003d30   Section        0  stm32f1xx_hal_uart.o(i.UART_EndRxTransfer)
    UART_EndRxTransfer                       0x08003d31   Thumb Code    78  stm32f1xx_hal_uart.o(i.UART_EndRxTransfer)
    i.UART_Receive_IT                        0x08003d7e   Section        0  stm32f1xx_hal_uart.o(i.UART_Receive_IT)
    UART_Receive_IT                          0x08003d7f   Thumb Code   194  stm32f1xx_hal_uart.o(i.UART_Receive_IT)
    i.UART_SetConfig                         0x08003e40   Section        0  stm32f1xx_hal_uart.o(i.UART_SetConfig)
    UART_SetConfig                           0x08003e41   Thumb Code   178  stm32f1xx_hal_uart.o(i.UART_SetConfig)
    i.UART_Start_Receive_IT                  0x08003ef8   Section        0  stm32f1xx_hal_uart.o(i.UART_Start_Receive_IT)
    i.UART_WaitOnFlagUntilTimeout            0x08003f2e   Section        0  stm32f1xx_hal_uart.o(i.UART_WaitOnFlagUntilTimeout)
    UART_WaitOnFlagUntilTimeout              0x08003f2f   Thumb Code   120  stm32f1xx_hal_uart.o(i.UART_WaitOnFlagUntilTimeout)
    i.USART1_IRQHandler                      0x08003fa8   Section        0  stm32f1xx_it.o(i.USART1_IRQHandler)
    i.USART2_IRQHandler                      0x08003fb4   Section        0  stm32f1xx_it.o(i.USART2_IRQHandler)
    i.UsageFault_Handler                     0x08003fc0   Section        0  stm32f1xx_it.o(i.UsageFault_Handler)
    i.Usart_SendString                       0x08003fc2   Section        0  driver_uart.o(i.Usart_SendString)
    i.__0printf                              0x08003fcc   Section        0  printfa.o(i.__0printf)
    i.__0snprintf                            0x08003fec   Section        0  printfa.o(i.__0snprintf)
    i.__0sprintf                             0x0800401c   Section        0  printfa.o(i.__0sprintf)
    i.__ARM_fpclassify                       0x08004044   Section        0  fpclassify.o(i.__ARM_fpclassify)
    i.__NVIC_SetPriority                     0x0800406c   Section        0  stm32f1xx_hal_cortex.o(i.__NVIC_SetPriority)
    __NVIC_SetPriority                       0x0800406d   Thumb Code    32  stm32f1xx_hal_cortex.o(i.__NVIC_SetPriority)
    i.__kernel_poly                          0x0800408c   Section        0  poly.o(i.__kernel_poly)
    i.__mathlib_dbl_divzero                  0x08004138   Section        0  dunder.o(i.__mathlib_dbl_divzero)
    i.__mathlib_dbl_infnan2                  0x08004148   Section        0  dunder.o(i.__mathlib_dbl_infnan2)
    i.__mathlib_dbl_invalid                  0x0800414c   Section        0  dunder.o(i.__mathlib_dbl_invalid)
    i.__mathlib_dbl_overflow                 0x08004158   Section        0  dunder.o(i.__mathlib_dbl_overflow)
    i.__mathlib_dbl_underflow                0x08004168   Section        0  dunder.o(i.__mathlib_dbl_underflow)
    i.__scatterload_copy                     0x08004178   Section       14  handlers.o(i.__scatterload_copy)
    i.__scatterload_null                     0x08004186   Section        2  handlers.o(i.__scatterload_null)
    i.__scatterload_zeroinit                 0x08004188   Section       14  handlers.o(i.__scatterload_zeroinit)
    i.__set_errno                            0x08004198   Section        0  errno.o(i.__set_errno)
    i._fp_digits                             0x080041a4   Section        0  printfa.o(i._fp_digits)
    _fp_digits                               0x080041a5   Thumb Code   366  printfa.o(i._fp_digits)
    i._printf_core                           0x08004328   Section        0  printfa.o(i._printf_core)
    _printf_core                             0x08004329   Thumb Code  1744  printfa.o(i._printf_core)
    i._printf_post_padding                   0x08004a04   Section        0  printfa.o(i._printf_post_padding)
    _printf_post_padding                     0x08004a05   Thumb Code    36  printfa.o(i._printf_post_padding)
    i._printf_pre_padding                    0x08004a28   Section        0  printfa.o(i._printf_pre_padding)
    _printf_pre_padding                      0x08004a29   Thumb Code    46  printfa.o(i._printf_pre_padding)
    i._snputc                                0x08004a56   Section        0  printfa.o(i._snputc)
    _snputc                                  0x08004a57   Thumb Code    22  printfa.o(i._snputc)
    i._sputc                                 0x08004a6c   Section        0  printfa.o(i._sputc)
    _sputc                                   0x08004a6d   Thumb Code    10  printfa.o(i._sputc)
    i.cJSON_Delete                           0x08004a78   Section        0  cjson.o(i.cJSON_Delete)
    i.cJSON_GetObjectItem                    0x08004ac0   Section        0  cjson.o(i.cJSON_GetObjectItem)
    i.cJSON_New_Item                         0x08004adc   Section        0  cjson.o(i.cJSON_New_Item)
    cJSON_New_Item                           0x08004add   Thumb Code    24  cjson.o(i.cJSON_New_Item)
    i.cJSON_Parse                            0x08004af8   Section        0  cjson.o(i.cJSON_Parse)
    i.cJSON_ParseWithOpts                    0x08004b00   Section        0  cjson.o(i.cJSON_ParseWithOpts)
    i.cJSON_strcasecmp                       0x08004b60   Section        0  cjson.o(i.cJSON_strcasecmp)
    cJSON_strcasecmp                         0x08004b61   Thumb Code    66  cjson.o(i.cJSON_strcasecmp)
    i.fputc                                  0x08004ba4   Section        0  driver_uart.o(i.fputc)
    i.free                                   0x08004bc8   Section        0  malloc.o(i.free)
    i.ft                                     0x08004c18   Section        0  hmac_sha1.o(i.ft)
    i.hmac_sha1                              0x08004c50   Section        0  hmac_sha1.o(i.hmac_sha1)
    i.k                                      0x08004d40   Section        0  hmac_sha1.o(i.k)
    i.main                                   0x08004d74   Section        0  main.o(i.main)
    i.malloc                                 0x08004ef4   Section        0  malloc.o(i.malloc)
    i.mdelay                                 0x08004f60   Section        0  driver_timer.o(i.mdelay)
    i.parse_array                            0x08004f7c   Section        0  cjson.o(i.parse_array)
    parse_array                              0x08004f7d   Thumb Code   114  cjson.o(i.parse_array)
    i.parse_hex4                             0x08004ff4   Section        0  cjson.o(i.parse_hex4)
    parse_hex4                               0x08004ff5   Thumb Code   166  cjson.o(i.parse_hex4)
    i.parse_number                           0x0800509c   Section        0  cjson.o(i.parse_number)
    parse_number                             0x0800509d   Thumb Code   332  cjson.o(i.parse_number)
    i.parse_object                           0x080051f4   Section        0  cjson.o(i.parse_object)
    parse_object                             0x080051f5   Thumb Code   180  cjson.o(i.parse_object)
    i.parse_string                           0x080052ac   Section        0  cjson.o(i.parse_string)
    parse_string                             0x080052ad   Thumb Code   374  cjson.o(i.parse_string)
    i.parse_value                            0x0800542c   Section        0  cjson.o(i.parse_value)
    parse_value                              0x0800542d   Thumb Code   152  cjson.o(i.parse_value)
    i.pow                                    0x080054e0   Section        0  pow.o(i.pow)
    i.rotl                                   0x08005eb8   Section        0  hmac_sha1.o(i.rotl)
    i.sha1                                   0x08005ed4   Section        0  hmac_sha1.o(i.sha1)
    i.skip                                   0x080060b8   Section        0  cjson.o(i.skip)
    skip                                     0x080060b9   Thumb Code    20  cjson.o(i.skip)
    i.sqrt                                   0x080060cc   Section        0  sqrt.o(i.sqrt)
    i.udelay                                 0x08006118   Section        0  driver_timer.o(i.udelay)
    .constdata                               0x08006150   Section       18  stm32f1xx_hal_rcc.o(.constdata)
    aPredivFactorTable                       0x08006150   Data           2  stm32f1xx_hal_rcc.o(.constdata)
    aPLLMULFactorTable                       0x08006152   Data          16  stm32f1xx_hal_rcc.o(.constdata)
    .constdata                               0x08006162   Section       16  system_stm32f1xx.o(.constdata)
    .constdata                               0x08006172   Section        8  system_stm32f1xx.o(.constdata)
    .constdata                               0x0800617a   Section     2688  driver_oled.o(.constdata)
    .constdata                               0x08006bfa   Section      192  base64.o(.constdata)
    base64_enc_map                           0x08006bfa   Data          64  base64.o(.constdata)
    base64_dec_map                           0x08006c3a   Data         128  base64.o(.constdata)
    .constdata                               0x08006cba   Section        7  cjson.o(.constdata)
    firstByteMark                            0x08006cba   Data           7  cjson.o(.constdata)
    .constdata                               0x08006cc8   Section      136  pow.o(.constdata)
    bp                                       0x08006cc8   Data          16  pow.o(.constdata)
    dp_h                                     0x08006cd8   Data          16  pow.o(.constdata)
    dp_l                                     0x08006ce8   Data          16  pow.o(.constdata)
    L                                        0x08006cf8   Data          48  pow.o(.constdata)
    P                                        0x08006d28   Data          40  pow.o(.constdata)
    .constdata                               0x08006d50   Section        8  qnan.o(.constdata)
    .conststring                             0x08006d58   Section       71  onenet.o(.conststring)
    .data                                    0x20000000   Section        8  main.o(.data)
    .data                                    0x20000008   Section       12  stm32f1xx_hal.o(.data)
    .data                                    0x20000014   Section        4  system_stm32f1xx.o(.data)
    .data                                    0x20000018   Section        4  driver_uart.o(.data)
    g_HDebugUART                             0x20000018   Data           4  driver_uart.o(.data)
    .data                                    0x2000001c   Section        8  driver_oled.o(.data)
    mem_mode                                 0x2000001c   Data           1  driver_oled.o(.data)
    g_pHI2COLED                              0x20000020   Data           4  driver_oled.o(.data)
    .data                                    0x20000024   Section        1  driver_led.o(.data)
    .data                                    0x20000026   Section        6  esp8266.o(.data)
    .data                                    0x2000002c   Section        2  onenet.o(.data)
    pkt_id                                   0x2000002c   Data           2  onenet.o(.data)
    .data                                    0x20000030   Section       12  cjson.o(.data)
    cJSON_malloc                             0x20000030   Data           4  cjson.o(.data)
    cJSON_free                               0x20000034   Data           4  cjson.o(.data)
    ep                                       0x20000038   Data           4  cjson.o(.data)
    .data                                    0x2000003c   Section        4  stdout.o(.data)
    .data                                    0x20000040   Section        4  mvars.o(.data)
    .data                                    0x20000044   Section        4  mvars.o(.data)
    .data                                    0x20000048   Section        4  errno.o(.data)
    _errno                                   0x20000048   Data           4  errno.o(.data)
    .bss                                     0x2000004c   Section       84  i2c.o(.bss)
    .bss                                     0x200000a0   Section      144  usart.o(.bss)
    .bss                                     0x20000130   Section       72  stm32f1xx_hal_timebase_tim.o(.bss)
    .bss                                     0x20000178   Section      512  esp8266.o(.bss)
    HEAP                                     0x20000378   Section      512  startup_stm32f103xb.o(HEAP)
    STACK                                    0x20000578   Section     2048  startup_stm32f103xb.o(STACK)

    Global Symbols

    Symbol Name                              Value     Ov Type        Size  Object(Section)

    BuildAttributes$$THM_ISAv4$P$D$K$B$S$PE$A:L22UL41UL21$X:L11$S22US41US21$IEEE1$IW$USESV6$~STKCKD$USESV7$~SHL$OTIME$ROPI$IEEEX$EBA8$MICROLIB$REQ8$PRES8$EABIv2 0x00000000   Number         0  anon$$obj.o ABSOLUTE
    __ARM_use_no_argv                        0x00000000   Number         0  main.o ABSOLUTE
    _printf_a                                0x00000000   Number         0  stubs.o ABSOLUTE
    _printf_c                                0x00000000   Number         0  stubs.o ABSOLUTE
    _printf_charcount                        0x00000000   Number         0  stubs.o ABSOLUTE
    _printf_d                                0x00000000   Number         0  stubs.o ABSOLUTE
    _printf_e                                0x00000000   Number         0  stubs.o ABSOLUTE
    _printf_f                                0x00000000   Number         0  stubs.o ABSOLUTE
    _printf_flags                            0x00000000   Number         0  stubs.o ABSOLUTE
    _printf_fp_dec                           0x00000000   Number         0  stubs.o ABSOLUTE
    _printf_fp_hex                           0x00000000   Number         0  stubs.o ABSOLUTE
    _printf_g                                0x00000000   Number         0  stubs.o ABSOLUTE
    _printf_i                                0x00000000   Number         0  stubs.o ABSOLUTE
    _printf_int_dec                          0x00000000   Number         0  stubs.o ABSOLUTE
    _printf_l                                0x00000000   Number         0  stubs.o ABSOLUTE
    _printf_lc                               0x00000000   Number         0  stubs.o ABSOLUTE
    _printf_ll                               0x00000000   Number         0  stubs.o ABSOLUTE
    _printf_lld                              0x00000000   Number         0  stubs.o ABSOLUTE
    _printf_lli                              0x00000000   Number         0  stubs.o ABSOLUTE
    _printf_llo                              0x00000000   Number         0  stubs.o ABSOLUTE
    _printf_llu                              0x00000000   Number         0  stubs.o ABSOLUTE
    _printf_llx                              0x00000000   Number         0  stubs.o ABSOLUTE
    _printf_longlong_dec                     0x00000000   Number         0  stubs.o ABSOLUTE
    _printf_longlong_hex                     0x00000000   Number         0  stubs.o ABSOLUTE
    _printf_longlong_oct                     0x00000000   Number         0  stubs.o ABSOLUTE
    _printf_ls                               0x00000000   Number         0  stubs.o ABSOLUTE
    _printf_mbtowc                           0x00000000   Number         0  stubs.o ABSOLUTE
    _printf_n                                0x00000000   Number         0  stubs.o ABSOLUTE
    _printf_o                                0x00000000   Number         0  stubs.o ABSOLUTE
    _printf_p                                0x00000000   Number         0  stubs.o ABSOLUTE
    _printf_percent                          0x00000000   Number         0  stubs.o ABSOLUTE
    _printf_pre_padding                      0x00000000   Number         0  stubs.o ABSOLUTE
    _printf_return_value                     0x00000000   Number         0  stubs.o ABSOLUTE
    _printf_s                                0x00000000   Number         0  stubs.o ABSOLUTE
    _printf_sizespec                         0x00000000   Number         0  stubs.o ABSOLUTE
    _printf_str                              0x00000000   Number         0  stubs.o ABSOLUTE
    _printf_truncate_signed                  0x00000000   Number         0  stubs.o ABSOLUTE
    _printf_truncate_unsigned                0x00000000   Number         0  stubs.o ABSOLUTE
    _printf_u                                0x00000000   Number         0  stubs.o ABSOLUTE
    _printf_wc                               0x00000000   Number         0  stubs.o ABSOLUTE
    _printf_wctomb                           0x00000000   Number         0  stubs.o ABSOLUTE
    _printf_widthprec                        0x00000000   Number         0  stubs.o ABSOLUTE
    _printf_x                                0x00000000   Number         0  stubs.o ABSOLUTE
    __cpp_initialize__aeabi_                  - Undefined Weak Reference
    __cxa_finalize                            - Undefined Weak Reference
    __decompress                              - Undefined Weak Reference
    _clock_init                               - Undefined Weak Reference
    _microlib_exit                            - Undefined Weak Reference
    _scanf_longlong                           - Undefined Weak Reference
    _scanf_real                               - Undefined Weak Reference
    __Vectors_Size                           0x000000ec   Number         0  startup_stm32f103xb.o ABSOLUTE
    __Vectors                                0x08000000   Data           4  startup_stm32f103xb.o(RESET)
    __Vectors_End                            0x080000ec   Data           0  startup_stm32f103xb.o(RESET)
    __main                                   0x080000ed   Thumb Code     0  entry.o(.ARM.Collect$$$$00000000)
    _main_stk                                0x080000ed   Thumb Code     0  entry2.o(.ARM.Collect$$$$00000001)
    _main_scatterload                        0x080000f1   Thumb Code     0  entry5.o(.ARM.Collect$$$$00000004)
    __main_after_scatterload                 0x080000f5   Thumb Code     0  entry5.o(.ARM.Collect$$$$00000004)
    _main_clock                              0x080000f5   Thumb Code     0  entry7b.o(.ARM.Collect$$$$00000008)
    _main_cpp_init                           0x080000f5   Thumb Code     0  entry8b.o(.ARM.Collect$$$$0000000A)
    _main_init                               0x080000f5   Thumb Code     0  entry9a.o(.ARM.Collect$$$$0000000B)
    __rt_final_cpp                           0x080000fd   Thumb Code     0  entry10a.o(.ARM.Collect$$$$0000000D)
    __rt_final_exit                          0x080000fd   Thumb Code     0  entry11a.o(.ARM.Collect$$$$0000000F)
    Reset_Handler                            0x08000101   Thumb Code     8  startup_stm32f103xb.o(.text)
    ADC1_2_IRQHandler                        0x0800011b   Thumb Code     0  startup_stm32f103xb.o(.text)
    CAN1_RX1_IRQHandler                      0x0800011b   Thumb Code     0  startup_stm32f103xb.o(.text)
    CAN1_SCE_IRQHandler                      0x0800011b   Thumb Code     0  startup_stm32f103xb.o(.text)
    DMA1_Channel1_IRQHandler                 0x0800011b   Thumb Code     0  startup_stm32f103xb.o(.text)
    DMA1_Channel2_IRQHandler                 0x0800011b   Thumb Code     0  startup_stm32f103xb.o(.text)
    DMA1_Channel3_IRQHandler                 0x0800011b   Thumb Code     0  startup_stm32f103xb.o(.text)
    DMA1_Channel4_IRQHandler                 0x0800011b   Thumb Code     0  startup_stm32f103xb.o(.text)
    DMA1_Channel5_IRQHandler                 0x0800011b   Thumb Code     0  startup_stm32f103xb.o(.text)
    DMA1_Channel6_IRQHandler                 0x0800011b   Thumb Code     0  startup_stm32f103xb.o(.text)
    DMA1_Channel7_IRQHandler                 0x0800011b   Thumb Code     0  startup_stm32f103xb.o(.text)
    EXTI0_IRQHandler                         0x0800011b   Thumb Code     0  startup_stm32f103xb.o(.text)
    EXTI1_IRQHandler                         0x0800011b   Thumb Code     0  startup_stm32f103xb.o(.text)
    EXTI2_IRQHandler                         0x0800011b   Thumb Code     0  startup_stm32f103xb.o(.text)
    EXTI3_IRQHandler                         0x0800011b   Thumb Code     0  startup_stm32f103xb.o(.text)
    EXTI4_IRQHandler                         0x0800011b   Thumb Code     0  startup_stm32f103xb.o(.text)
    EXTI9_5_IRQHandler                       0x0800011b   Thumb Code     0  startup_stm32f103xb.o(.text)
    FLASH_IRQHandler                         0x0800011b   Thumb Code     0  startup_stm32f103xb.o(.text)
    I2C1_ER_IRQHandler                       0x0800011b   Thumb Code     0  startup_stm32f103xb.o(.text)
    I2C1_EV_IRQHandler                       0x0800011b   Thumb Code     0  startup_stm32f103xb.o(.text)
    I2C2_ER_IRQHandler                       0x0800011b   Thumb Code     0  startup_stm32f103xb.o(.text)
    I2C2_EV_IRQHandler                       0x0800011b   Thumb Code     0  startup_stm32f103xb.o(.text)
    PVD_IRQHandler                           0x0800011b   Thumb Code     0  startup_stm32f103xb.o(.text)
    RCC_IRQHandler                           0x0800011b   Thumb Code     0  startup_stm32f103xb.o(.text)
    RTC_Alarm_IRQHandler                     0x0800011b   Thumb Code     0  startup_stm32f103xb.o(.text)
    RTC_IRQHandler                           0x0800011b   Thumb Code     0  startup_stm32f103xb.o(.text)
    SPI1_IRQHandler                          0x0800011b   Thumb Code     0  startup_stm32f103xb.o(.text)
    SPI2_IRQHandler                          0x0800011b   Thumb Code     0  startup_stm32f103xb.o(.text)
    TAMPER_IRQHandler                        0x0800011b   Thumb Code     0  startup_stm32f103xb.o(.text)
    TIM1_BRK_IRQHandler                      0x0800011b   Thumb Code     0  startup_stm32f103xb.o(.text)
    TIM1_CC_IRQHandler                       0x0800011b   Thumb Code     0  startup_stm32f103xb.o(.text)
    TIM1_TRG_COM_IRQHandler                  0x0800011b   Thumb Code     0  startup_stm32f103xb.o(.text)
    TIM1_UP_IRQHandler                       0x0800011b   Thumb Code     0  startup_stm32f103xb.o(.text)
    TIM2_IRQHandler                          0x0800011b   Thumb Code     0  startup_stm32f103xb.o(.text)
    TIM3_IRQHandler                          0x0800011b   Thumb Code     0  startup_stm32f103xb.o(.text)
    USART3_IRQHandler                        0x0800011b   Thumb Code     0  startup_stm32f103xb.o(.text)
    USBWakeUp_IRQHandler                     0x0800011b   Thumb Code     0  startup_stm32f103xb.o(.text)
    USB_HP_CAN1_TX_IRQHandler                0x0800011b   Thumb Code     0  startup_stm32f103xb.o(.text)
    USB_LP_CAN1_RX0_IRQHandler               0x0800011b   Thumb Code     0  startup_stm32f103xb.o(.text)
    WWDG_IRQHandler                          0x0800011b   Thumb Code     0  startup_stm32f103xb.o(.text)
    __aeabi_uldivmod                         0x08000125   Thumb Code    98  uldiv.o(.text)
    __aeabi_llsr                             0x08000187   Thumb Code    32  llushr.o(.text)
    _ll_ushift_r                             0x08000187   Thumb Code     0  llushr.o(.text)
    tolower                                  0x080001a7   Thumb Code    12  tolower.o(.text)
    __aeabi_memcpy                           0x080001b3   Thumb Code    36  memcpya.o(.text)
    __aeabi_memcpy4                          0x080001b3   Thumb Code     0  memcpya.o(.text)
    __aeabi_memcpy8                          0x080001b3   Thumb Code     0  memcpya.o(.text)
    __aeabi_memset                           0x080001d7   Thumb Code    14  memseta.o(.text)
    __aeabi_memset4                          0x080001d7   Thumb Code     0  memseta.o(.text)
    __aeabi_memset8                          0x080001d7   Thumb Code     0  memseta.o(.text)
    __aeabi_memclr                           0x080001e5   Thumb Code     4  memseta.o(.text)
    __aeabi_memclr4                          0x080001e5   Thumb Code     0  memseta.o(.text)
    __aeabi_memclr8                          0x080001e5   Thumb Code     0  memseta.o(.text)
    _memset$wrapper                          0x080001e9   Thumb Code    18  memseta.o(.text)
    strcat                                   0x080001fb   Thumb Code    24  strcat.o(.text)
    strstr                                   0x08000213   Thumb Code    36  strstr.o(.text)
    strchr                                   0x08000237   Thumb Code    20  strchr.o(.text)
    strlen                                   0x0800024b   Thumb Code    14  strlen.o(.text)
    strncat                                  0x08000259   Thumb Code    40  strncat.o(.text)
    strcpy                                   0x08000281   Thumb Code    18  strcpy.o(.text)
    strncmp                                  0x08000293   Thumb Code    30  strncmp.o(.text)
    __aeabi_dadd                             0x080002b1   Thumb Code   322  dadd.o(.text)
    __aeabi_dsub                             0x080003f3   Thumb Code     6  dadd.o(.text)
    __aeabi_drsub                            0x080003f9   Thumb Code     6  dadd.o(.text)
    __aeabi_dmul                             0x080003ff   Thumb Code   228  dmul.o(.text)
    __aeabi_i2d                              0x080004e3   Thumb Code    34  dflti.o(.text)
    __aeabi_d2iz                             0x08000505   Thumb Code    62  dfixi.o(.text)
    __aeabi_cdrcmple                         0x08000545   Thumb Code    48  cdrcmple.o(.text)
    __aeabi_uidiv                            0x08000575   Thumb Code     0  uidiv.o(.text)
    __aeabi_uidivmod                         0x08000575   Thumb Code    44  uidiv.o(.text)
    __aeabi_llsl                             0x080005a1   Thumb Code    30  llshl.o(.text)
    _ll_shift_l                              0x080005a1   Thumb Code     0  llshl.o(.text)
    __aeabi_lasr                             0x080005bf   Thumb Code    36  llsshr.o(.text)
    _ll_sshift_r                             0x080005bf   Thumb Code     0  llsshr.o(.text)
    __I$use$fp                               0x080005e3   Thumb Code     0  iusefp.o(.text)
    _double_round                            0x080005e3   Thumb Code    30  depilogue.o(.text)
    _double_epilogue                         0x08000601   Thumb Code   156  depilogue.o(.text)
    __aeabi_ddiv                             0x0800069d   Thumb Code   222  ddiv.o(.text)
    __ARM_scalbn                             0x0800077b   Thumb Code    46  dscalb.o(.text)
    scalbn                                   0x0800077b   Thumb Code     0  dscalb.o(.text)
    __aeabi_d2ulz                            0x080007a9   Thumb Code    48  dfixul.o(.text)
    __scatterload                            0x080007d9   Thumb Code    28  init.o(.text)
    __scatterload_rt2                        0x080007d9   Thumb Code     0  init.o(.text)
    _dsqrt                                   0x080007fd   Thumb Code   162  dsqrt.o(.text)
    BASE64_Decode                            0x080008a1   Thumb Code   308  base64.o(i.BASE64_Decode)
    BASE64_Encode                            0x080009d9   Thumb Code   270  base64.o(i.BASE64_Encode)
    BusFault_Handler                         0x08000aed   Thumb Code     2  stm32f1xx_it.o(i.BusFault_Handler)
    DHT11_Read                               0x08000b21   Thumb Code   138  driver_dht11.o(i.DHT11_Read)
    DebugMon_Handler                         0x08000c1b   Thumb Code     2  stm32f1xx_it.o(i.DebugMon_Handler)
    Display_Init                             0x08000c1d   Thumb Code   120  main.o(i.Display_Init)
    ESP8266_Clear                            0x08000c99   Thumb Code    20  esp8266.o(i.ESP8266_Clear)
    ESP8266_GetIPD                           0x08000cb5   Thumb Code    50  esp8266.o(i.ESP8266_GetIPD)
    ESP8266_Init                             0x08000cf5   Thumb Code   188  esp8266.o(i.ESP8266_Init)
    ESP8266_SendCmd                          0x08000e89   Thumb Code    64  esp8266.o(i.ESP8266_SendCmd)
    ESP8266_SendData                         0x08000ed1   Thumb Code    48  esp8266.o(i.ESP8266_SendData)
    ESP8266_WaitRecive                       0x08000f19   Thumb Code    28  esp8266.o(i.ESP8266_WaitRecive)
    EXTI15_10_IRQHandler                     0x08000f39   Thumb Code    52  stm32f1xx_it.o(i.EXTI15_10_IRQHandler)
    Error_Handler                            0x08000f75   Thumb Code     4  main.o(i.Error_Handler)
    HAL_DMA_Abort                            0x08000f79   Thumb Code    70  stm32f1xx_hal_dma.o(i.HAL_DMA_Abort)
    HAL_DMA_Abort_IT                         0x08000fc1   Thumb Code   148  stm32f1xx_hal_dma.o(i.HAL_DMA_Abort_IT)
    HAL_GPIO_EXTI_Callback                   0x08001059   Thumb Code     2  stm32f1xx_hal_gpio.o(i.HAL_GPIO_EXTI_Callback)
    HAL_GPIO_EXTI_IRQHandler                 0x0800105d   Thumb Code    18  stm32f1xx_hal_gpio.o(i.HAL_GPIO_EXTI_IRQHandler)
    HAL_GPIO_Init                            0x08001075   Thumb Code   446  stm32f1xx_hal_gpio.o(i.HAL_GPIO_Init)
    HAL_GPIO_ReadPin                         0x08001255   Thumb Code    10  stm32f1xx_hal_gpio.o(i.HAL_GPIO_ReadPin)
    HAL_GPIO_WritePin                        0x0800125f   Thumb Code    10  stm32f1xx_hal_gpio.o(i.HAL_GPIO_WritePin)
    HAL_GetTick                              0x08001269   Thumb Code     6  stm32f1xx_hal.o(i.HAL_GetTick)
    HAL_I2C_Init                             0x08001275   Thumb Code   376  stm32f1xx_hal_i2c.o(i.HAL_I2C_Init)
    HAL_I2C_Master_Transmit                  0x080013fd   Thumb Code   290  stm32f1xx_hal_i2c.o(i.HAL_I2C_Master_Transmit)
    HAL_I2C_Mem_Write                        0x08001529   Thumb Code   294  stm32f1xx_hal_i2c.o(i.HAL_I2C_Mem_Write)
    HAL_I2C_MspInit                          0x08001659   Thumb Code    80  i2c.o(i.HAL_I2C_MspInit)
    HAL_IncTick                              0x080016b5   Thumb Code    12  stm32f1xx_hal.o(i.HAL_IncTick)
    HAL_Init                                 0x080016c5   Thumb Code    32  stm32f1xx_hal.o(i.HAL_Init)
    HAL_InitTick                             0x080016e9   Thumb Code   132  stm32f1xx_hal_timebase_tim.o(i.HAL_InitTick)
    HAL_MspInit                              0x08001781   Thumb Code    52  stm32f1xx_hal_msp.o(i.HAL_MspInit)
    HAL_NVIC_EnableIRQ                       0x080017bd   Thumb Code    26  stm32f1xx_hal_cortex.o(i.HAL_NVIC_EnableIRQ)
    HAL_NVIC_SetPriority                     0x080017d9   Thumb Code    60  stm32f1xx_hal_cortex.o(i.HAL_NVIC_SetPriority)
    HAL_NVIC_SetPriorityGrouping             0x08001819   Thumb Code    26  stm32f1xx_hal_cortex.o(i.HAL_NVIC_SetPriorityGrouping)
    HAL_RCC_ClockConfig                      0x0800183d   Thumb Code   280  stm32f1xx_hal_rcc.o(i.HAL_RCC_ClockConfig)
    HAL_RCC_GetClockConfig                   0x08001969   Thumb Code    54  stm32f1xx_hal_rcc.o(i.HAL_RCC_GetClockConfig)
    HAL_RCC_GetPCLK1Freq                     0x080019a9   Thumb Code    20  stm32f1xx_hal_rcc.o(i.HAL_RCC_GetPCLK1Freq)
    HAL_RCC_GetPCLK2Freq                     0x080019c9   Thumb Code    20  stm32f1xx_hal_rcc.o(i.HAL_RCC_GetPCLK2Freq)
    HAL_RCC_GetSysClockFreq                  0x080019e9   Thumb Code    58  stm32f1xx_hal_rcc.o(i.HAL_RCC_GetSysClockFreq)
    HAL_RCC_OscConfig                        0x08001a35   Thumb Code   778  stm32f1xx_hal_rcc.o(i.HAL_RCC_OscConfig)
    HAL_TIMEx_BreakCallback                  0x08001d55   Thumb Code     2  stm32f1xx_hal_tim_ex.o(i.HAL_TIMEx_BreakCallback)
    HAL_TIMEx_CommutCallback                 0x08001d57   Thumb Code     2  stm32f1xx_hal_tim_ex.o(i.HAL_TIMEx_CommutCallback)
    HAL_TIM_Base_Init                        0x08001d59   Thumb Code    90  stm32f1xx_hal_tim.o(i.HAL_TIM_Base_Init)
    HAL_TIM_Base_MspInit                     0x08001db3   Thumb Code     2  stm32f1xx_hal_tim.o(i.HAL_TIM_Base_MspInit)
    HAL_TIM_Base_Start_IT                    0x08001db5   Thumb Code    76  stm32f1xx_hal_tim.o(i.HAL_TIM_Base_Start_IT)
    HAL_TIM_IC_CaptureCallback               0x08001e0d   Thumb Code     2  stm32f1xx_hal_tim.o(i.HAL_TIM_IC_CaptureCallback)
    HAL_TIM_IRQHandler                       0x08001e0f   Thumb Code   358  stm32f1xx_hal_tim.o(i.HAL_TIM_IRQHandler)
    HAL_TIM_OC_DelayElapsedCallback          0x08001f75   Thumb Code     2  stm32f1xx_hal_tim.o(i.HAL_TIM_OC_DelayElapsedCallback)
    HAL_TIM_PWM_PulseFinishedCallback        0x08001f77   Thumb Code     2  stm32f1xx_hal_tim.o(i.HAL_TIM_PWM_PulseFinishedCallback)
    HAL_TIM_PeriodElapsedCallback            0x08001f79   Thumb Code    14  main.o(i.HAL_TIM_PeriodElapsedCallback)
    HAL_TIM_TriggerCallback                  0x08001f8d   Thumb Code     2  stm32f1xx_hal_tim.o(i.HAL_TIM_TriggerCallback)
    HAL_UARTEx_RxEventCallback               0x08001f8f   Thumb Code     2  stm32f1xx_hal_uart.o(i.HAL_UARTEx_RxEventCallback)
    HAL_UART_ErrorCallback                   0x08001f91   Thumb Code     2  stm32f1xx_hal_uart.o(i.HAL_UART_ErrorCallback)
    HAL_UART_IRQHandler                      0x08001f95   Thumb Code   616  stm32f1xx_hal_uart.o(i.HAL_UART_IRQHandler)
    HAL_UART_Init                            0x08002201   Thumb Code   100  stm32f1xx_hal_uart.o(i.HAL_UART_Init)
    HAL_UART_MspInit                         0x08002265   Thumb Code   198  usart.o(i.HAL_UART_MspInit)
    HAL_UART_Receive_IT                      0x0800233d   Thumb Code    28  stm32f1xx_hal_uart.o(i.HAL_UART_Receive_IT)
    HAL_UART_RxCpltCallback                  0x08002359   Thumb Code    46  esp8266.o(i.HAL_UART_RxCpltCallback)
    HAL_UART_Transmit                        0x08002399   Thumb Code   154  stm32f1xx_hal_uart.o(i.HAL_UART_Transmit)
    HAL_UART_TxCpltCallback                  0x08002433   Thumb Code     2  stm32f1xx_hal_uart.o(i.HAL_UART_TxCpltCallback)
    HardFault_Handler                        0x08002435   Thumb Code     2  stm32f1xx_it.o(i.HardFault_Handler)
    Led_Control                              0x080027a5   Thumb Code    40  driver_led.o(i.Led_Control)
    MQTT_DeleteBuffer                        0x080027d5   Thumb Code    28  mqttkit.o(i.MQTT_DeleteBuffer)
    MQTT_DumpLength                          0x080027f1   Thumb Code    38  mqttkit.o(i.MQTT_DumpLength)
    MQTT_NewBuffer                           0x08002817   Thumb Code    82  mqttkit.o(i.MQTT_NewBuffer)
    MQTT_PacketConnect                       0x08002869   Thumb Code   606  mqttkit.o(i.MQTT_PacketConnect)
    MQTT_PacketPublish                       0x08002acd   Thumb Code   346  mqttkit.o(i.MQTT_PacketPublish)
    MQTT_PacketSaveData                      0x08002c29   Thumb Code    56  mqttkit.o(i.MQTT_PacketSaveData)
    MQTT_PacketSubscribe                     0x08002c81   Thumb Code   218  mqttkit.o(i.MQTT_PacketSubscribe)
    MQTT_ReadLength                          0x08002d5b   Thumb Code    62  mqttkit.o(i.MQTT_ReadLength)
    MQTT_UnPacketConnectAck                  0x08002d99   Thumb Code    26  mqttkit.o(i.MQTT_UnPacketConnectAck)
    MQTT_UnPacketPublish                     0x08002db5   Thumb Code   328  mqttkit.o(i.MQTT_UnPacketPublish)
    MQTT_UnPacketPublishAck                  0x08002f05   Thumb Code    24  mqttkit.o(i.MQTT_UnPacketPublishAck)
    MQTT_UnPacketRecv                        0x08002f1d   Thumb Code    86  mqttkit.o(i.MQTT_UnPacketRecv)
    MQTT_UnPacketSubscribe                   0x08002f7d   Thumb Code    44  mqttkit.o(i.MQTT_UnPacketSubscribe)
    MX_GPIO_Init                             0x08002fa9   Thumb Code   184  gpio.o(i.MX_GPIO_Init)
    MX_I2C1_Init                             0x08003075   Thumb Code    50  i2c.o(i.MX_I2C1_Init)
    MX_USART1_UART_Init                      0x080030b5   Thumb Code    54  usart.o(i.MX_USART1_UART_Init)
    MX_USART2_UART_Init                      0x080030f9   Thumb Code    54  usart.o(i.MX_USART2_UART_Init)
    MemManage_Handler                        0x0800313d   Thumb Code     2  stm32f1xx_it.o(i.MemManage_Handler)
    NMI_Handler                              0x0800313f   Thumb Code     2  stm32f1xx_it.o(i.NMI_Handler)
    OLED_Clear                               0x08003141   Thumb Code    42  driver_oled.o(i.OLED_Clear)
    OLED_Init                                0x0800316d   Thumb Code   142  driver_oled.o(i.OLED_Init)
    OLED_PrintString                         0x08003201   Thumb Code    50  driver_oled.o(i.OLED_PrintString)
    OLED_PutChar                             0x08003235   Thumb Code    66  driver_oled.o(i.OLED_PutChar)
    OLED_SetPosition                         0x080032a9   Thumb Code    58  driver_oled.o(i.OLED_SetPosition)
    OLED_ShowChinese                         0x080032e9   Thumb Code    56  driver_oled.o(i.OLED_ShowChinese)
    OneNET_Subscribe                         0x080035d5   Thumb Code    82  onenet.o(i.OneNET_Subscribe)
    OneNet_DevLink                           0x08003675   Thumb Code   188  onenet.o(i.OneNet_DevLink)
    OneNet_FillBuf                           0x080038b9   Thumb Code   134  onenet.o(i.OneNet_FillBuf)
    OneNet_RevPro                            0x080039bd   Thumb Code   214  onenet.o(i.OneNet_RevPro)
    OneNet_SendData                          0x08003b39   Thumb Code   116  onenet.o(i.OneNet_SendData)
    PendSV_Handler                           0x08003bf1   Thumb Code     2  stm32f1xx_it.o(i.PendSV_Handler)
    Refresh_Data                             0x08003bf5   Thumb Code    66  main.o(i.Refresh_Data)
    SVC_Handler                              0x08003c45   Thumb Code     2  stm32f1xx_it.o(i.SVC_Handler)
    SysTick_Handler                          0x08003c47   Thumb Code     2  stm32f1xx_it.o(i.SysTick_Handler)
    SystemClock_Config                       0x08003c49   Thumb Code    94  main.o(i.SystemClock_Config)
    SystemInit                               0x08003ca7   Thumb Code     2  system_stm32f1xx.o(i.SystemInit)
    TIM4_IRQHandler                          0x08003ca9   Thumb Code     6  stm32f1xx_it.o(i.TIM4_IRQHandler)
    TIM_Base_SetConfig                       0x08003cb5   Thumb Code    94  stm32f1xx_hal_tim.o(i.TIM_Base_SetConfig)
    UART_Start_Receive_IT                    0x08003ef9   Thumb Code    54  stm32f1xx_hal_uart.o(i.UART_Start_Receive_IT)
    USART1_IRQHandler                        0x08003fa9   Thumb Code     6  stm32f1xx_it.o(i.USART1_IRQHandler)
    USART2_IRQHandler                        0x08003fb5   Thumb Code     6  stm32f1xx_it.o(i.USART2_IRQHandler)
    UsageFault_Handler                       0x08003fc1   Thumb Code     2  stm32f1xx_it.o(i.UsageFault_Handler)
    Usart_SendString                         0x08003fc3   Thumb Code     8  driver_uart.o(i.Usart_SendString)
    __0printf                                0x08003fcd   Thumb Code    22  printfa.o(i.__0printf)
    __1printf                                0x08003fcd   Thumb Code     0  printfa.o(i.__0printf)
    __2printf                                0x08003fcd   Thumb Code     0  printfa.o(i.__0printf)
    __c89printf                              0x08003fcd   Thumb Code     0  printfa.o(i.__0printf)
    printf                                   0x08003fcd   Thumb Code     0  printfa.o(i.__0printf)
    __0snprintf                              0x08003fed   Thumb Code    44  printfa.o(i.__0snprintf)
    __1snprintf                              0x08003fed   Thumb Code     0  printfa.o(i.__0snprintf)
    __2snprintf                              0x08003fed   Thumb Code     0  printfa.o(i.__0snprintf)
    __c89snprintf                            0x08003fed   Thumb Code     0  printfa.o(i.__0snprintf)
    snprintf                                 0x08003fed   Thumb Code     0  printfa.o(i.__0snprintf)
    __0sprintf                               0x0800401d   Thumb Code    34  printfa.o(i.__0sprintf)
    __1sprintf                               0x0800401d   Thumb Code     0  printfa.o(i.__0sprintf)
    __2sprintf                               0x0800401d   Thumb Code     0  printfa.o(i.__0sprintf)
    __c89sprintf                             0x0800401d   Thumb Code     0  printfa.o(i.__0sprintf)
    sprintf                                  0x0800401d   Thumb Code     0  printfa.o(i.__0sprintf)
    __ARM_fpclassify                         0x08004045   Thumb Code    40  fpclassify.o(i.__ARM_fpclassify)
    __kernel_poly                            0x0800408d   Thumb Code   170  poly.o(i.__kernel_poly)
    __mathlib_dbl_divzero                    0x08004139   Thumb Code    12  dunder.o(i.__mathlib_dbl_divzero)
    __mathlib_dbl_infnan2                    0x08004149   Thumb Code     4  dunder.o(i.__mathlib_dbl_infnan2)
    __mathlib_dbl_invalid                    0x0800414d   Thumb Code    12  dunder.o(i.__mathlib_dbl_invalid)
    __mathlib_dbl_overflow                   0x08004159   Thumb Code    14  dunder.o(i.__mathlib_dbl_overflow)
    __mathlib_dbl_underflow                  0x08004169   Thumb Code    10  dunder.o(i.__mathlib_dbl_underflow)
    __scatterload_copy                       0x08004179   Thumb Code    14  handlers.o(i.__scatterload_copy)
    __scatterload_null                       0x08004187   Thumb Code     2  handlers.o(i.__scatterload_null)
    __scatterload_zeroinit                   0x08004189   Thumb Code    14  handlers.o(i.__scatterload_zeroinit)
    __set_errno                              0x08004199   Thumb Code     6  errno.o(i.__set_errno)
    cJSON_Delete                             0x08004a79   Thumb Code    66  cjson.o(i.cJSON_Delete)
    cJSON_GetObjectItem                      0x08004ac1   Thumb Code    28  cjson.o(i.cJSON_GetObjectItem)
    cJSON_Parse                              0x08004af9   Thumb Code     8  cjson.o(i.cJSON_Parse)
    cJSON_ParseWithOpts                      0x08004b01   Thumb Code    92  cjson.o(i.cJSON_ParseWithOpts)
    fputc                                    0x08004ba5   Thumb Code    30  driver_uart.o(i.fputc)
    free                                     0x08004bc9   Thumb Code    76  malloc.o(i.free)
    ft                                       0x08004c19   Thumb Code    56  hmac_sha1.o(i.ft)
    hmac_sha1                                0x08004c51   Thumb Code   240  hmac_sha1.o(i.hmac_sha1)
    k                                        0x08004d41   Thumb Code    34  hmac_sha1.o(i.k)
    main                                     0x08004d75   Thumb Code   190  main.o(i.main)
    malloc                                   0x08004ef5   Thumb Code    92  malloc.o(i.malloc)
    mdelay                                   0x08004f61   Thumb Code    26  driver_timer.o(i.mdelay)
    pow                                      0x080054e1   Thumb Code  2512  pow.o(i.pow)
    rotl                                     0x08005eb9   Thumb Code    28  hmac_sha1.o(i.rotl)
    sha1                                     0x08005ed5   Thumb Code   472  hmac_sha1.o(i.sha1)
    sqrt                                     0x080060cd   Thumb Code    76  sqrt.o(i.sqrt)
    udelay                                   0x08006119   Thumb Code    52  driver_timer.o(i.udelay)
    AHBPrescTable                            0x08006162   Data          16  system_stm32f1xx.o(.constdata)
    APBPrescTable                            0x08006172   Data           8  system_stm32f1xx.o(.constdata)
    ascii_font                               0x0800617a   Data        2048  driver_oled.o(.constdata)
    Hzk                                      0x0800697a   Data         640  driver_oled.o(.constdata)
    __mathlib_zero                           0x08006d50   Data           8  qnan.o(.constdata)
    Region$$Table$$Base                      0x08006da0   Number         0  anon$$obj.o(Region$$Table)
    Region$$Table$$Limit                     0x08006dc0   Number         0  anon$$obj.o(Region$$Table)
    temp                                     0x20000000   Data           4  main.o(.data)
    hum                                      0x20000004   Data           4  main.o(.data)
    uwTickFreq                               0x20000008   Data           1  stm32f1xx_hal.o(.data)
    uwTickPrio                               0x2000000c   Data           4  stm32f1xx_hal.o(.data)
    uwTick                                   0x20000010   Data           4  stm32f1xx_hal.o(.data)
    SystemCoreClock                          0x20000014   Data           4  system_stm32f1xx.o(.data)
    led_info                                 0x20000024   Data           1  driver_led.o(.data)
    received_char                            0x20000026   Data           1  esp8266.o(.data)
    esp8266_cnt                              0x20000028   Data           2  esp8266.o(.data)
    esp8266_cntPre                           0x2000002a   Data           2  esp8266.o(.data)
    __stdout                                 0x2000003c   Data           4  stdout.o(.data)
    __microlib_freelist                      0x20000040   Data           4  mvars.o(.data)
    __microlib_freelist_initialised          0x20000044   Data           4  mvars.o(.data)
    hi2c1                                    0x2000004c   Data          84  i2c.o(.bss)
    huart1                                   0x200000a0   Data          72  usart.o(.bss)
    huart2                                   0x200000e8   Data          72  usart.o(.bss)
    htim4                                    0x20000130   Data          72  stm32f1xx_hal_timebase_tim.o(.bss)
    esp8266_buf                              0x20000178   Data         512  esp8266.o(.bss)
    __heap_base                              0x20000378   Data           0  startup_stm32f103xb.o(HEAP)
    __heap_limit                             0x20000578   Data           0  startup_stm32f103xb.o(HEAP)
    __initial_sp                             0x20000d78   Data           0  startup_stm32f103xb.o(STACK)



==============================================================================

Memory Map of the image

  Image Entry point : 0x080000ed

  Load Region LR_IROM1 (Base: 0x08000000, Size: 0x00006e0c, Max: 0x00010000, ABSOLUTE)

    Execution Region ER_IROM1 (Exec base: 0x08000000, Load base: 0x08000000, Size: 0x00006dc0, Max: 0x00010000, ABSOLUTE)

    Exec Addr    Load Addr    Size         Type   Attr      Idx    E Section Name        Object

    0x08000000   0x08000000   0x000000ec   Data   RO            3    RESET               startup_stm32f103xb.o
    0x080000ec   0x080000ec   0x00000000   Code   RO         4488  * .ARM.Collect$$$$00000000  mc_w.l(entry.o)
    0x080000ec   0x080000ec   0x00000004   Code   RO         4853    .ARM.Collect$$$$00000001  mc_w.l(entry2.o)
    0x080000f0   0x080000f0   0x00000004   Code   RO         4856    .ARM.Collect$$$$00000004  mc_w.l(entry5.o)
    0x080000f4   0x080000f4   0x00000000   Code   RO         4858    .ARM.Collect$$$$00000008  mc_w.l(entry7b.o)
    0x080000f4   0x080000f4   0x00000000   Code   RO         4860    .ARM.Collect$$$$0000000A  mc_w.l(entry8b.o)
    0x080000f4   0x080000f4   0x00000008   Code   RO         4861    .ARM.Collect$$$$0000000B  mc_w.l(entry9a.o)
    0x080000fc   0x080000fc   0x00000000   Code   RO         4863    .ARM.Collect$$$$0000000D  mc_w.l(entry10a.o)
    0x080000fc   0x080000fc   0x00000000   Code   RO         4865    .ARM.Collect$$$$0000000F  mc_w.l(entry11a.o)
    0x080000fc   0x080000fc   0x00000004   Code   RO         4854    .ARM.Collect$$$$00002712  mc_w.l(entry2.o)
    0x08000100   0x08000100   0x00000024   Code   RO            4    .text               startup_stm32f103xb.o
    0x08000124   0x08000124   0x00000062   Code   RO         4491    .text               mc_w.l(uldiv.o)
    0x08000186   0x08000186   0x00000020   Code   RO         4493    .text               mc_w.l(llushr.o)
    0x080001a6   0x080001a6   0x0000000c   Code   RO         4495    .text               mc_w.l(tolower.o)
    0x080001b2   0x080001b2   0x00000024   Code   RO         4497    .text               mc_w.l(memcpya.o)
    0x080001d6   0x080001d6   0x00000024   Code   RO         4499    .text               mc_w.l(memseta.o)
    0x080001fa   0x080001fa   0x00000018   Code   RO         4501    .text               mc_w.l(strcat.o)
    0x08000212   0x08000212   0x00000024   Code   RO         4503    .text               mc_w.l(strstr.o)
    0x08000236   0x08000236   0x00000014   Code   RO         4505    .text               mc_w.l(strchr.o)
    0x0800024a   0x0800024a   0x0000000e   Code   RO         4507    .text               mc_w.l(strlen.o)
    0x08000258   0x08000258   0x00000028   Code   RO         4509    .text               mc_w.l(strncat.o)
    0x08000280   0x08000280   0x00000012   Code   RO         4511    .text               mc_w.l(strcpy.o)
    0x08000292   0x08000292   0x0000001e   Code   RO         4513    .text               mc_w.l(strncmp.o)
    0x080002b0   0x080002b0   0x0000014e   Code   RO         4812    .text               mf_w.l(dadd.o)
    0x080003fe   0x080003fe   0x000000e4   Code   RO         4814    .text               mf_w.l(dmul.o)
    0x080004e2   0x080004e2   0x00000022   Code   RO         4816    .text               mf_w.l(dflti.o)
    0x08000504   0x08000504   0x0000003e   Code   RO         4818    .text               mf_w.l(dfixi.o)
    0x08000542   0x08000542   0x00000002   PAD
    0x08000544   0x08000544   0x00000030   Code   RO         4824    .text               mf_w.l(cdrcmple.o)
    0x08000574   0x08000574   0x0000002c   Code   RO         4868    .text               mc_w.l(uidiv.o)
    0x080005a0   0x080005a0   0x0000001e   Code   RO         4870    .text               mc_w.l(llshl.o)
    0x080005be   0x080005be   0x00000024   Code   RO         4872    .text               mc_w.l(llsshr.o)
    0x080005e2   0x080005e2   0x00000000   Code   RO         4889    .text               mc_w.l(iusefp.o)
    0x080005e2   0x080005e2   0x000000ba   Code   RO         4890    .text               mf_w.l(depilogue.o)
    0x0800069c   0x0800069c   0x000000de   Code   RO         4892    .text               mf_w.l(ddiv.o)
    0x0800077a   0x0800077a   0x0000002e   Code   RO         4894    .text               mf_w.l(dscalb.o)
    0x080007a8   0x080007a8   0x00000030   Code   RO         4896    .text               mf_w.l(dfixul.o)
    0x080007d8   0x080007d8   0x00000024   Code   RO         4898    .text               mc_w.l(init.o)
    0x080007fc   0x080007fc   0x000000a2   Code   RO         4904    .text               mf_w.l(dsqrt.o)
    0x0800089e   0x0800089e   0x00000002   PAD
    0x080008a0   0x080008a0   0x00000138   Code   RO         3923    i.BASE64_Decode     base64.o
    0x080009d8   0x080009d8   0x00000114   Code   RO         3924    i.BASE64_Encode     base64.o
    0x08000aec   0x08000aec   0x00000002   Code   RO          322    i.BusFault_Handler  stm32f1xx_it.o
    0x08000aee   0x08000aee   0x00000002   PAD
    0x08000af0   0x08000af0   0x00000018   Code   RO         3641    i.DHT11_PinRead     driver_dht11.o
    0x08000b08   0x08000b08   0x00000018   Code   RO         3642    i.DHT11_PinSet      driver_dht11.o
    0x08000b20   0x08000b20   0x00000090   Code   RO         3643    i.DHT11_Read        driver_dht11.o
    0x08000bb0   0x08000bb0   0x00000046   Code   RO         3644    i.DHT11_ReadByte    driver_dht11.o
    0x08000bf6   0x08000bf6   0x00000024   Code   RO         3646    i.DHT11_WaitFor_Val  driver_dht11.o
    0x08000c1a   0x08000c1a   0x00000002   Code   RO          323    i.DebugMon_Handler  stm32f1xx_it.o
    0x08000c1c   0x08000c1c   0x0000007c   Code   RO           13    i.Display_Init      main.o
    0x08000c98   0x08000c98   0x0000001c   Code   RO         3699    i.ESP8266_Clear     esp8266.o
    0x08000cb4   0x08000cb4   0x00000040   Code   RO         3700    i.ESP8266_GetIPD    esp8266.o
    0x08000cf4   0x08000cf4   0x00000194   Code   RO         3701    i.ESP8266_Init      esp8266.o
    0x08000e88   0x08000e88   0x00000048   Code   RO         3702    i.ESP8266_SendCmd   esp8266.o
    0x08000ed0   0x08000ed0   0x00000048   Code   RO         3703    i.ESP8266_SendData  esp8266.o
    0x08000f18   0x08000f18   0x00000020   Code   RO         3704    i.ESP8266_WaitRecive  esp8266.o
    0x08000f38   0x08000f38   0x0000003c   Code   RO          324    i.EXTI15_10_IRQHandler  stm32f1xx_it.o
    0x08000f74   0x08000f74   0x00000004   Code   RO           14    i.Error_Handler     main.o
    0x08000f78   0x08000f78   0x00000046   Code   RO         1339    i.HAL_DMA_Abort     stm32f1xx_hal_dma.o
    0x08000fbe   0x08000fbe   0x00000002   PAD
    0x08000fc0   0x08000fc0   0x00000098   Code   RO         1340    i.HAL_DMA_Abort_IT  stm32f1xx_hal_dma.o
    0x08001058   0x08001058   0x00000002   Code   RO         1273    i.HAL_GPIO_EXTI_Callback  stm32f1xx_hal_gpio.o
    0x0800105a   0x0800105a   0x00000002   PAD
    0x0800105c   0x0800105c   0x00000018   Code   RO         1274    i.HAL_GPIO_EXTI_IRQHandler  stm32f1xx_hal_gpio.o
    0x08001074   0x08001074   0x000001e0   Code   RO         1275    i.HAL_GPIO_Init     stm32f1xx_hal_gpio.o
    0x08001254   0x08001254   0x0000000a   Code   RO         1277    i.HAL_GPIO_ReadPin  stm32f1xx_hal_gpio.o
    0x0800125e   0x0800125e   0x0000000a   Code   RO         1279    i.HAL_GPIO_WritePin  stm32f1xx_hal_gpio.o
    0x08001268   0x08001268   0x0000000c   Code   RO          969    i.HAL_GetTick       stm32f1xx_hal.o
    0x08001274   0x08001274   0x00000188   Code   RO          532    i.HAL_I2C_Init      stm32f1xx_hal_i2c.o
    0x080013fc   0x080013fc   0x0000012c   Code   RO          545    i.HAL_I2C_Master_Transmit  stm32f1xx_hal_i2c.o
    0x08001528   0x08001528   0x00000130   Code   RO          553    i.HAL_I2C_Mem_Write  stm32f1xx_hal_i2c.o
    0x08001658   0x08001658   0x0000005c   Code   RO          233    i.HAL_I2C_MspInit   i2c.o
    0x080016b4   0x080016b4   0x00000010   Code   RO          975    i.HAL_IncTick       stm32f1xx_hal.o
    0x080016c4   0x080016c4   0x00000024   Code   RO          976    i.HAL_Init          stm32f1xx_hal.o
    0x080016e8   0x080016e8   0x00000098   Code   RO          446    i.HAL_InitTick      stm32f1xx_hal_timebase_tim.o
    0x08001780   0x08001780   0x0000003c   Code   RO          422    i.HAL_MspInit       stm32f1xx_hal_msp.o
    0x080017bc   0x080017bc   0x0000001a   Code   RO         1435    i.HAL_NVIC_EnableIRQ  stm32f1xx_hal_cortex.o
    0x080017d6   0x080017d6   0x00000002   PAD
    0x080017d8   0x080017d8   0x00000040   Code   RO         1441    i.HAL_NVIC_SetPriority  stm32f1xx_hal_cortex.o
    0x08001818   0x08001818   0x00000024   Code   RO         1442    i.HAL_NVIC_SetPriorityGrouping  stm32f1xx_hal_cortex.o
    0x0800183c   0x0800183c   0x0000012c   Code   RO         1133    i.HAL_RCC_ClockConfig  stm32f1xx_hal_rcc.o
    0x08001968   0x08001968   0x00000040   Code   RO         1137    i.HAL_RCC_GetClockConfig  stm32f1xx_hal_rcc.o
    0x080019a8   0x080019a8   0x00000020   Code   RO         1140    i.HAL_RCC_GetPCLK1Freq  stm32f1xx_hal_rcc.o
    0x080019c8   0x080019c8   0x00000020   Code   RO         1141    i.HAL_RCC_GetPCLK2Freq  stm32f1xx_hal_rcc.o
    0x080019e8   0x080019e8   0x0000004c   Code   RO         1142    i.HAL_RCC_GetSysClockFreq  stm32f1xx_hal_rcc.o
    0x08001a34   0x08001a34   0x00000320   Code   RO         1145    i.HAL_RCC_OscConfig  stm32f1xx_hal_rcc.o
    0x08001d54   0x08001d54   0x00000002   Code   RO         2641    i.HAL_TIMEx_BreakCallback  stm32f1xx_hal_tim_ex.o
    0x08001d56   0x08001d56   0x00000002   Code   RO         2642    i.HAL_TIMEx_CommutCallback  stm32f1xx_hal_tim_ex.o
    0x08001d58   0x08001d58   0x0000005a   Code   RO         1937    i.HAL_TIM_Base_Init  stm32f1xx_hal_tim.o
    0x08001db2   0x08001db2   0x00000002   Code   RO         1939    i.HAL_TIM_Base_MspInit  stm32f1xx_hal_tim.o
    0x08001db4   0x08001db4   0x00000058   Code   RO         1942    i.HAL_TIM_Base_Start_IT  stm32f1xx_hal_tim.o
    0x08001e0c   0x08001e0c   0x00000002   Code   RO         1971    i.HAL_TIM_IC_CaptureCallback  stm32f1xx_hal_tim.o
    0x08001e0e   0x08001e0e   0x00000166   Code   RO         1985    i.HAL_TIM_IRQHandler  stm32f1xx_hal_tim.o
    0x08001f74   0x08001f74   0x00000002   Code   RO         1988    i.HAL_TIM_OC_DelayElapsedCallback  stm32f1xx_hal_tim.o
    0x08001f76   0x08001f76   0x00000002   Code   RO         2015    i.HAL_TIM_PWM_PulseFinishedCallback  stm32f1xx_hal_tim.o
    0x08001f78   0x08001f78   0x00000014   Code   RO           15    i.HAL_TIM_PeriodElapsedCallback  main.o
    0x08001f8c   0x08001f8c   0x00000002   Code   RO         2028    i.HAL_TIM_TriggerCallback  stm32f1xx_hal_tim.o
    0x08001f8e   0x08001f8e   0x00000002   Code   RO         2920    i.HAL_UARTEx_RxEventCallback  stm32f1xx_hal_uart.o
    0x08001f90   0x08001f90   0x00000002   Code   RO         2934    i.HAL_UART_ErrorCallback  stm32f1xx_hal_uart.o
    0x08001f92   0x08001f92   0x00000002   PAD
    0x08001f94   0x08001f94   0x0000026c   Code   RO         2937    i.HAL_UART_IRQHandler  stm32f1xx_hal_uart.o
    0x08002200   0x08002200   0x00000064   Code   RO         2938    i.HAL_UART_Init     stm32f1xx_hal_uart.o
    0x08002264   0x08002264   0x000000d8   Code   RO          275    i.HAL_UART_MspInit  usart.o
    0x0800233c   0x0800233c   0x0000001c   Code   RO         2943    i.HAL_UART_Receive_IT  stm32f1xx_hal_uart.o
    0x08002358   0x08002358   0x00000040   Code   RO         3705    i.HAL_UART_RxCpltCallback  esp8266.o
    0x08002398   0x08002398   0x0000009a   Code   RO         2946    i.HAL_UART_Transmit  stm32f1xx_hal_uart.o
    0x08002432   0x08002432   0x00000002   Code   RO         2949    i.HAL_UART_TxCpltCallback  stm32f1xx_hal_uart.o
    0x08002434   0x08002434   0x00000002   Code   RO          325    i.HardFault_Handler  stm32f1xx_it.o
    0x08002436   0x08002436   0x0000002e   Code   RO          575    i.I2C_IsAcknowledgeFailed  stm32f1xx_hal_i2c.o
    0x08002464   0x08002464   0x0000009c   Code   RO          579    i.I2C_MasterRequestWrite  stm32f1xx_hal_i2c.o
    0x08002500   0x08002500   0x000000a8   Code   RO          586    i.I2C_RequestMemoryWrite  stm32f1xx_hal_i2c.o
    0x080025a8   0x080025a8   0x00000056   Code   RO          590    i.I2C_WaitOnBTFFlagUntilTimeout  stm32f1xx_hal_i2c.o
    0x080025fe   0x080025fe   0x00000002   PAD
    0x08002600   0x08002600   0x00000090   Code   RO          591    i.I2C_WaitOnFlagUntilTimeout  stm32f1xx_hal_i2c.o
    0x08002690   0x08002690   0x000000bc   Code   RO          592    i.I2C_WaitOnMasterAddressFlagUntilTimeout  stm32f1xx_hal_i2c.o
    0x0800274c   0x0800274c   0x00000056   Code   RO          594    i.I2C_WaitOnTXEFlagUntilTimeout  stm32f1xx_hal_i2c.o
    0x080027a2   0x080027a2   0x00000002   PAD
    0x080027a4   0x080027a4   0x00000030   Code   RO         3598    i.Led_Control       driver_led.o
    0x080027d4   0x080027d4   0x0000001c   Code   RO         3943    i.MQTT_DeleteBuffer  mqttkit.o
    0x080027f0   0x080027f0   0x00000026   Code   RO         3944    i.MQTT_DumpLength   mqttkit.o
    0x08002816   0x08002816   0x00000052   Code   RO         3945    i.MQTT_NewBuffer    mqttkit.o
    0x08002868   0x08002868   0x00000264   Code   RO         3947    i.MQTT_PacketConnect  mqttkit.o
    0x08002acc   0x08002acc   0x0000015a   Code   RO         3950    i.MQTT_PacketPublish  mqttkit.o
    0x08002c26   0x08002c26   0x00000002   PAD
    0x08002c28   0x08002c28   0x00000058   Code   RO         3956    i.MQTT_PacketSaveData  mqttkit.o
    0x08002c80   0x08002c80   0x000000da   Code   RO         3957    i.MQTT_PacketSubscribe  mqttkit.o
    0x08002d5a   0x08002d5a   0x0000003e   Code   RO         3959    i.MQTT_ReadLength   mqttkit.o
    0x08002d98   0x08002d98   0x0000001a   Code   RO         3961    i.MQTT_UnPacketConnectAck  mqttkit.o
    0x08002db2   0x08002db2   0x00000002   PAD
    0x08002db4   0x08002db4   0x00000150   Code   RO         3962    i.MQTT_UnPacketPublish  mqttkit.o
    0x08002f04   0x08002f04   0x00000018   Code   RO         3963    i.MQTT_UnPacketPublishAck  mqttkit.o
    0x08002f1c   0x08002f1c   0x00000060   Code   RO         3967    i.MQTT_UnPacketRecv  mqttkit.o
    0x08002f7c   0x08002f7c   0x0000002c   Code   RO         3968    i.MQTT_UnPacketSubscribe  mqttkit.o
    0x08002fa8   0x08002fa8   0x000000cc   Code   RO          208    i.MX_GPIO_Init      gpio.o
    0x08003074   0x08003074   0x00000040   Code   RO          234    i.MX_I2C1_Init      i2c.o
    0x080030b4   0x080030b4   0x00000044   Code   RO          276    i.MX_USART1_UART_Init  usart.o
    0x080030f8   0x080030f8   0x00000044   Code   RO          277    i.MX_USART2_UART_Init  usart.o
    0x0800313c   0x0800313c   0x00000002   Code   RO          326    i.MemManage_Handler  stm32f1xx_it.o
    0x0800313e   0x0800313e   0x00000002   Code   RO          327    i.NMI_Handler       stm32f1xx_it.o
    0x08003140   0x08003140   0x0000002a   Code   RO         3419    i.OLED_Clear        driver_oled.o
    0x0800316a   0x0800316a   0x00000002   PAD
    0x0800316c   0x0800316c   0x00000094   Code   RO         3421    i.OLED_Init         driver_oled.o
    0x08003200   0x08003200   0x00000032   Code   RO         3424    i.OLED_PrintString  driver_oled.o
    0x08003232   0x08003232   0x00000002   PAD
    0x08003234   0x08003234   0x00000048   Code   RO         3425    i.OLED_PutChar      driver_oled.o
    0x0800327c   0x0800327c   0x0000002c   Code   RO         3426    i.OLED_SetComConfig  driver_oled.o
    0x080032a8   0x080032a8   0x00000040   Code   RO         3427    i.OLED_SetPosition  driver_oled.o
    0x080032e8   0x080032e8   0x0000003c   Code   RO         3428    i.OLED_ShowChinese  driver_oled.o
    0x08003324   0x08003324   0x00000028   Code   RO         3430    i.OLED_WriteCmd     driver_oled.o
    0x0800334c   0x0800334c   0x00000020   Code   RO         3431    i.OLED_WriteNBytes  driver_oled.o
    0x0800336c   0x0800336c   0x000000d0   Code   RO         3766    i.OTA_UrlEncode     onenet.o
    0x0800343c   0x0800343c   0x00000198   Code   RO         3767    i.OneNET_Authorization  onenet.o
    0x080035d4   0x080035d4   0x000000a0   Code   RO         3770    i.OneNET_Subscribe  onenet.o
    0x08003674   0x08003674   0x00000244   Code   RO         3771    i.OneNet_DevLink    onenet.o
    0x080038b8   0x080038b8   0x00000104   Code   RO         3772    i.OneNet_FillBuf    onenet.o
    0x080039bc   0x080039bc   0x0000017c   Code   RO         3773    i.OneNet_RevPro     onenet.o
    0x08003b38   0x08003b38   0x000000b8   Code   RO         3774    i.OneNet_SendData   onenet.o
    0x08003bf0   0x08003bf0   0x00000002   Code   RO          328    i.PendSV_Handler    stm32f1xx_it.o
    0x08003bf2   0x08003bf2   0x00000002   PAD
    0x08003bf4   0x08003bf4   0x00000050   Code   RO           16    i.Refresh_Data      main.o
    0x08003c44   0x08003c44   0x00000002   Code   RO          329    i.SVC_Handler       stm32f1xx_it.o
    0x08003c46   0x08003c46   0x00000002   Code   RO          330    i.SysTick_Handler   stm32f1xx_it.o
    0x08003c48   0x08003c48   0x0000005e   Code   RO           17    i.SystemClock_Config  main.o
    0x08003ca6   0x08003ca6   0x00000002   Code   RO         3272    i.SystemInit        system_stm32f1xx.o
    0x08003ca8   0x08003ca8   0x0000000c   Code   RO          331    i.TIM4_IRQHandler   stm32f1xx_it.o
    0x08003cb4   0x08003cb4   0x0000006c   Code   RO         2030    i.TIM_Base_SetConfig  stm32f1xx_hal_tim.o
    0x08003d20   0x08003d20   0x00000010   Code   RO         2951    i.UART_DMAAbortOnError  stm32f1xx_hal_uart.o
    0x08003d30   0x08003d30   0x0000004e   Code   RO         2961    i.UART_EndRxTransfer  stm32f1xx_hal_uart.o
    0x08003d7e   0x08003d7e   0x000000c2   Code   RO         2963    i.UART_Receive_IT   stm32f1xx_hal_uart.o
    0x08003e40   0x08003e40   0x000000b8   Code   RO         2964    i.UART_SetConfig    stm32f1xx_hal_uart.o
    0x08003ef8   0x08003ef8   0x00000036   Code   RO         2966    i.UART_Start_Receive_IT  stm32f1xx_hal_uart.o
    0x08003f2e   0x08003f2e   0x00000078   Code   RO         2967    i.UART_WaitOnFlagUntilTimeout  stm32f1xx_hal_uart.o
    0x08003fa6   0x08003fa6   0x00000002   PAD
    0x08003fa8   0x08003fa8   0x0000000c   Code   RO          332    i.USART1_IRQHandler  stm32f1xx_it.o
    0x08003fb4   0x08003fb4   0x0000000c   Code   RO          333    i.USART2_IRQHandler  stm32f1xx_it.o
    0x08003fc0   0x08003fc0   0x00000002   Code   RO          334    i.UsageFault_Handler  stm32f1xx_it.o
    0x08003fc2   0x08003fc2   0x00000008   Code   RO         3310    i.Usart_SendString  driver_uart.o
    0x08003fca   0x08003fca   0x00000002   PAD
    0x08003fcc   0x08003fcc   0x00000020   Code   RO         4750    i.__0printf         mc_w.l(printfa.o)
    0x08003fec   0x08003fec   0x00000030   Code   RO         4751    i.__0snprintf       mc_w.l(printfa.o)
    0x0800401c   0x0800401c   0x00000028   Code   RO         4752    i.__0sprintf        mc_w.l(printfa.o)
    0x08004044   0x08004044   0x00000028   Code   RO         4840    i.__ARM_fpclassify  m_ws.l(fpclassify.o)
    0x0800406c   0x0800406c   0x00000020   Code   RO         1448    i.__NVIC_SetPriority  stm32f1xx_hal_cortex.o
    0x0800408c   0x0800408c   0x000000aa   Code   RO         4842    i.__kernel_poly     m_ws.l(poly.o)
    0x08004136   0x08004136   0x00000002   PAD
    0x08004138   0x08004138   0x00000010   Code   RO         4826    i.__mathlib_dbl_divzero  m_ws.l(dunder.o)
    0x08004148   0x08004148   0x00000004   Code   RO         4828    i.__mathlib_dbl_infnan2  m_ws.l(dunder.o)
    0x0800414c   0x0800414c   0x0000000c   Code   RO         4829    i.__mathlib_dbl_invalid  m_ws.l(dunder.o)
    0x08004158   0x08004158   0x0000000e   Code   RO         4830    i.__mathlib_dbl_overflow  m_ws.l(dunder.o)
    0x08004166   0x08004166   0x00000002   PAD
    0x08004168   0x08004168   0x00000010   Code   RO         4832    i.__mathlib_dbl_underflow  m_ws.l(dunder.o)
    0x08004178   0x08004178   0x0000000e   Code   RO         4911    i.__scatterload_copy  mc_w.l(handlers.o)
    0x08004186   0x08004186   0x00000002   Code   RO         4912    i.__scatterload_null  mc_w.l(handlers.o)
    0x08004188   0x08004188   0x0000000e   Code   RO         4913    i.__scatterload_zeroinit  mc_w.l(handlers.o)
    0x08004196   0x08004196   0x00000002   PAD
    0x08004198   0x08004198   0x0000000c   Code   RO         4878    i.__set_errno       mc_w.l(errno.o)
    0x080041a4   0x080041a4   0x00000184   Code   RO         4757    i._fp_digits        mc_w.l(printfa.o)
    0x08004328   0x08004328   0x000006dc   Code   RO         4758    i._printf_core      mc_w.l(printfa.o)
    0x08004a04   0x08004a04   0x00000024   Code   RO         4759    i._printf_post_padding  mc_w.l(printfa.o)
    0x08004a28   0x08004a28   0x0000002e   Code   RO         4760    i._printf_pre_padding  mc_w.l(printfa.o)
    0x08004a56   0x08004a56   0x00000016   Code   RO         4761    i._snputc           mc_w.l(printfa.o)
    0x08004a6c   0x08004a6c   0x0000000a   Code   RO         4762    i._sputc            mc_w.l(printfa.o)
    0x08004a76   0x08004a76   0x00000002   PAD
    0x08004a78   0x08004a78   0x00000048   Code   RO         4143    i.cJSON_Delete      cjson.o
    0x08004ac0   0x08004ac0   0x0000001c   Code   RO         4152    i.cJSON_GetObjectItem  cjson.o
    0x08004adc   0x08004adc   0x0000001c   Code   RO         4156    i.cJSON_New_Item    cjson.o
    0x08004af8   0x08004af8   0x00000008   Code   RO         4157    i.cJSON_Parse       cjson.o
    0x08004b00   0x08004b00   0x00000060   Code   RO         4158    i.cJSON_ParseWithOpts  cjson.o
    0x08004b60   0x08004b60   0x00000042   Code   RO         4164    i.cJSON_strcasecmp  cjson.o
    0x08004ba2   0x08004ba2   0x00000002   PAD
    0x08004ba4   0x08004ba4   0x00000024   Code   RO         3312    i.fputc             driver_uart.o
    0x08004bc8   0x08004bc8   0x00000050   Code   RO         4778    i.free              mc_w.l(malloc.o)
    0x08004c18   0x08004c18   0x00000038   Code   RO         3867    i.ft                hmac_sha1.o
    0x08004c50   0x08004c50   0x000000f0   Code   RO         3868    i.hmac_sha1         hmac_sha1.o
    0x08004d40   0x08004d40   0x00000034   Code   RO         3869    i.k                 hmac_sha1.o
    0x08004d74   0x08004d74   0x00000180   Code   RO           18    i.main              main.o
    0x08004ef4   0x08004ef4   0x0000006c   Code   RO         4779    i.malloc            mc_w.l(malloc.o)
    0x08004f60   0x08004f60   0x0000001a   Code   RO         3519    i.mdelay            driver_timer.o
    0x08004f7a   0x08004f7a   0x00000002   PAD
    0x08004f7c   0x08004f7c   0x00000078   Code   RO         4168    i.parse_array       cjson.o
    0x08004ff4   0x08004ff4   0x000000a6   Code   RO         4169    i.parse_hex4        cjson.o
    0x0800509a   0x0800509a   0x00000002   PAD
    0x0800509c   0x0800509c   0x00000158   Code   RO         4170    i.parse_number      cjson.o
    0x080051f4   0x080051f4   0x000000b8   Code   RO         4171    i.parse_object      cjson.o
    0x080052ac   0x080052ac   0x00000180   Code   RO         4172    i.parse_string      cjson.o
    0x0800542c   0x0800542c   0x000000b4   Code   RO         4173    i.parse_value       cjson.o
    0x080054e0   0x080054e0   0x000009d8   Code   RO         4479    i.pow               m_ws.l(pow.o)
    0x08005eb8   0x08005eb8   0x0000001c   Code   RO         3870    i.rotl              hmac_sha1.o
    0x08005ed4   0x08005ed4   0x000001e4   Code   RO         3872    i.sha1              hmac_sha1.o
    0x080060b8   0x080060b8   0x00000014   Code   RO         4180    i.skip              cjson.o
    0x080060cc   0x080060cc   0x0000004c   Code   RO         4846    i.sqrt              m_ws.l(sqrt.o)
    0x08006118   0x08006118   0x00000038   Code   RO         3521    i.udelay            driver_timer.o
    0x08006150   0x08006150   0x00000012   Data   RO         1146    .constdata          stm32f1xx_hal_rcc.o
    0x08006162   0x08006162   0x00000010   Data   RO         3273    .constdata          system_stm32f1xx.o
    0x08006172   0x08006172   0x00000008   Data   RO         3274    .constdata          system_stm32f1xx.o
    0x0800617a   0x0800617a   0x00000a80   Data   RO         3432    .constdata          driver_oled.o
    0x08006bfa   0x08006bfa   0x000000c0   Data   RO         3925    .constdata          base64.o
    0x08006cba   0x08006cba   0x00000007   Data   RO         4182    .constdata          cjson.o
    0x08006cc1   0x08006cc1   0x00000007   PAD
    0x08006cc8   0x08006cc8   0x00000088   Data   RO         4480    .constdata          m_ws.l(pow.o)
    0x08006d50   0x08006d50   0x00000008   Data   RO         4844    .constdata          m_ws.l(qnan.o)
    0x08006d58   0x08006d58   0x00000047   Data   RO         3776    .conststring        onenet.o
    0x08006d9f   0x08006d9f   0x00000001   PAD
    0x08006da0   0x08006da0   0x00000020   Data   RO         4909    Region$$Table       anon$$obj.o


    Execution Region RW_IRAM1 (Exec base: 0x20000000, Load base: 0x08006dc0, Size: 0x00000d78, Max: 0x00005000, ABSOLUTE)

    Exec Addr    Load Addr    Size         Type   Attr      Idx    E Section Name        Object

    0x20000000   0x08006dc0   0x00000008   Data   RW           19    .data               main.o
    0x20000008   0x08006dc8   0x0000000c   Data   RW          983    .data               stm32f1xx_hal.o
    0x20000014   0x08006dd4   0x00000004   Data   RW         3275    .data               system_stm32f1xx.o
    0x20000018   0x08006dd8   0x00000004   Data   RW         3313    .data               driver_uart.o
    0x2000001c   0x08006ddc   0x00000008   Data   RW         3433    .data               driver_oled.o
    0x20000024   0x08006de4   0x00000001   Data   RW         3601    .data               driver_led.o
    0x20000025   0x08006de5   0x00000001   PAD
    0x20000026   0x08006de6   0x00000006   Data   RW         3707    .data               esp8266.o
    0x2000002c   0x08006dec   0x00000002   Data   RW         3777    .data               onenet.o
    0x2000002e   0x08006dee   0x00000002   PAD
    0x20000030   0x08006df0   0x0000000c   Data   RW         4183    .data               cjson.o
    0x2000003c   0x08006dfc   0x00000004   Data   RW         4867    .data               mc_w.l(stdout.o)
    0x20000040   0x08006e00   0x00000004   Data   RW         4874    .data               mc_w.l(mvars.o)
    0x20000044   0x08006e04   0x00000004   Data   RW         4875    .data               mc_w.l(mvars.o)
    0x20000048   0x08006e08   0x00000004   Data   RW         4879    .data               mc_w.l(errno.o)
    0x2000004c        -       0x00000054   Zero   RW          235    .bss                i2c.o
    0x200000a0        -       0x00000090   Zero   RW          278    .bss                usart.o
    0x20000130        -       0x00000048   Zero   RW          449    .bss                stm32f1xx_hal_timebase_tim.o
    0x20000178        -       0x00000200   Zero   RW         3706    .bss                esp8266.o
    0x20000378        -       0x00000200   Zero   RW            2    HEAP                startup_stm32f103xb.o
    0x20000578        -       0x00000800   Zero   RW            1    STACK               startup_stm32f103xb.o


==============================================================================

Image component sizes


      Code (inc. data)   RO Data    RW Data    ZI Data      Debug   Object Name

       588         10        192          0          0       2848   base64.o
      1696         74          7         12          0      12438   cjson.o
       298         18          0          0          0       3826   driver_dht11.o
        48          8          0          1          0       1109   driver_led.o
       552         34       2688          8          0       8716   driver_oled.o
        82          4          0          0          0       1634   driver_timer.o
        44          6          0          4          0       1899   driver_uart.o
       736        292          0          6        512       5002   esp8266.o
       204         20          0          0          0        927   gpio.o
       860         30          0          0          0       5081   hmac_sha1.o
       156         26          0          0         84       1533   i2c.o
       706        218          0          8          0     439173   main.o
      2000         56          0          0          0      13514   mqttkit.o
      2180        998         71          2          0      10098   onenet.o
        36          8        236          0       2560        780   startup_stm32f103xb.o
        64         14          0         12          0       4494   stm32f1xx_hal.o
       158         14          0          0          0      28070   stm32f1xx_hal_cortex.o
       222          4          0          0          0       1699   stm32f1xx_hal_dma.o
       526         40          0          0          0       4487   stm32f1xx_hal_gpio.o
      1870         48          0          0          0      11097   stm32f1xx_hal_i2c.o
        60          8          0          0          0        826   stm32f1xx_hal_msp.o
      1304         94         18          0          0       5569   stm32f1xx_hal_rcc.o
       654         26          0          0          0       6828   stm32f1xx_hal_tim.o
         4          0          0          0          0       1509   stm32f1xx_hal_tim_ex.o
       152         20          0          0         72       1403   stm32f1xx_hal_timebase_tim.o
      1554         10          0          0          0      10552   stm32f1xx_hal_uart.o
       114         26          0          0          0       5387   stm32f1xx_it.o
         2          0         24          4          0       1047   system_stm32f1xx.o
       352         46          0          0        144       2243   usart.o

    ----------------------------------------------------------------------
     17256       2152       3276         60       3372     593789   Object Totals
         0          0         32          0          0          0   (incl. Generated)
        34          0          8          3          0          0   (incl. Padding)

    ----------------------------------------------------------------------

      Code (inc. data)   RO Data    RW Data    ZI Data      Debug   Library Member Name

        62         10          0          0          0        340   dunder.o
        40          0          0          0          0         68   fpclassify.o
       170          0          0          0          0         96   poly.o
      2520        190        136          0          0        324   pow.o
         0          0          8          0          0          0   qnan.o
        76          0          0          0          0         84   sqrt.o
         0          0          0          0          0          0   entry.o
         0          0          0          0          0          0   entry10a.o
         0          0          0          0          0          0   entry11a.o
         8          4          0          0          0          0   entry2.o
         4          0          0          0          0          0   entry5.o
         0          0          0          0          0          0   entry7b.o
         0          0          0          0          0          0   entry8b.o
         8          4          0          0          0          0   entry9a.o
        12          6          0          4          0         68   errno.o
        30          0          0          0          0          0   handlers.o
        36          8          0          0          0         68   init.o
         0          0          0          0          0          0   iusefp.o
        30          0          0          0          0         68   llshl.o
        36          0          0          0          0         68   llsshr.o
        32          0          0          0          0         68   llushr.o
       188         20          0          0          0        160   malloc.o
        36          0          0          0          0         68   memcpya.o
        36          0          0          0          0        108   memseta.o
         0          0          0          8          0          0   mvars.o
      2378        100          0          0          0        756   printfa.o
         0          0          0          4          0          0   stdout.o
        24          0          0          0          0         68   strcat.o
        20          0          0          0          0         68   strchr.o
        18          0          0          0          0         68   strcpy.o
        14          0          0          0          0         68   strlen.o
        40          0          0          0          0         76   strncat.o
        30          0          0          0          0         80   strncmp.o
        36          0          0          0          0         80   strstr.o
        12          0          0          0          0         68   tolower.o
        44          0          0          0          0         80   uidiv.o
        98          0          0          0          0         92   uldiv.o
        48          0          0          0          0         68   cdrcmple.o
       334          0          0          0          0        148   dadd.o
       222          0          0          0          0        100   ddiv.o
       186          0          0          0          0        176   depilogue.o
        62          0          0          0          0         80   dfixi.o
        48          0          0          0          0         68   dfixul.o
        34          0          0          0          0         76   dflti.o
       228          0          0          0          0         96   dmul.o
        46          0          0          0          0         80   dscalb.o
       162          0          0          0          0        100   dsqrt.o

    ----------------------------------------------------------------------
      7420        342        144         16          0       4084   Library Totals
        12          0          0          0          0          0   (incl. Padding)

    ----------------------------------------------------------------------

      Code (inc. data)   RO Data    RW Data    ZI Data      Debug   Library Name

      2868        200        144          0          0        912   m_ws.l
      3170        142          0         16          0       2180   mc_w.l
      1370          0          0          0          0        992   mf_w.l

    ----------------------------------------------------------------------
      7420        342        144         16          0       4084   Library Totals

    ----------------------------------------------------------------------

==============================================================================


      Code (inc. data)   RO Data    RW Data    ZI Data      Debug   

     24676       2494       3420         76       3372     588197   Grand Totals
     24676       2494       3420         76       3372     588197   ELF Image Totals
     24676       2494       3420         76          0          0   ROM Totals

==============================================================================

    Total RO  Size (Code + RO Data)                28096 (  27.44kB)
    Total RW  Size (RW Data + ZI Data)              3448 (   3.37kB)
    Total ROM Size (Code + RO Data + RW Data)      28172 (  27.51kB)

==============================================================================

